Archive member included to satisfy reference by file (symbol)

d:/intelfpga/16.1/nios2eds/bin/gnu/h-x86_64-mingw32/bin/../lib/gcc/nios2-elf/5.3.0\libgcc.a(lib2-divmod.o)
                              obj/default/I2C_core.o (__divsi3)
d:/intelfpga/16.1/nios2eds/bin/gnu/h-x86_64-mingw32/bin/../lib/gcc/nios2-elf/5.3.0/../../../../../H-x86_64-mingw32/nios2-elf/lib\libc.a(lib_a-malloc.o)
                              obj/default/queue.o (malloc)
d:/intelfpga/16.1/nios2eds/bin/gnu/h-x86_64-mingw32/bin/../lib/gcc/nios2-elf/5.3.0/../../../../../H-x86_64-mingw32/nios2-elf/lib\libc.a(lib_a-mallocr.o)
                              d:/intelfpga/16.1/nios2eds/bin/gnu/h-x86_64-mingw32/bin/../lib/gcc/nios2-elf/5.3.0/../../../../../H-x86_64-mingw32/nios2-elf/lib\libc.a(lib_a-malloc.o) (_malloc_r)
d:/intelfpga/16.1/nios2eds/bin/gnu/h-x86_64-mingw32/bin/../lib/gcc/nios2-elf/5.3.0/../../../../../H-x86_64-mingw32/nios2-elf/lib\libc.a(lib_a-memset.o)
                              obj/default/queue.o (memset)
d:/intelfpga/16.1/nios2eds/bin/gnu/h-x86_64-mingw32/bin/../lib/gcc/nios2-elf/5.3.0/../../../../../H-x86_64-mingw32/nios2-elf/lib\libc.a(lib_a-printf.o)
                              obj/default/auto_focus.o (printf)
d:/intelfpga/16.1/nios2eds/bin/gnu/h-x86_64-mingw32/bin/../lib/gcc/nios2-elf/5.3.0/../../../../../H-x86_64-mingw32/nios2-elf/lib\libc.a(lib_a-putchar.o)
                              obj/default/main.o (putchar)
d:/intelfpga/16.1/nios2eds/bin/gnu/h-x86_64-mingw32/bin/../lib/gcc/nios2-elf/5.3.0/../../../../../H-x86_64-mingw32/nios2-elf/lib\libc.a(lib_a-puts.o)
                              obj/default/I2C_core.o (puts)
d:/intelfpga/16.1/nios2eds/bin/gnu/h-x86_64-mingw32/bin/../lib/gcc/nios2-elf/5.3.0/../../../../../H-x86_64-mingw32/nios2-elf/lib\libc.a(lib_a-sbrkr.o)
                              d:/intelfpga/16.1/nios2eds/bin/gnu/h-x86_64-mingw32/bin/../lib/gcc/nios2-elf/5.3.0/../../../../../H-x86_64-mingw32/nios2-elf/lib\libc.a(lib_a-mallocr.o) (_sbrk_r)
d:/intelfpga/16.1/nios2eds/bin/gnu/h-x86_64-mingw32/bin/../lib/gcc/nios2-elf/5.3.0/../../../../../H-x86_64-mingw32/nios2-elf/lib\libc.a(lib_a-strlen.o)
                              d:/intelfpga/16.1/nios2eds/bin/gnu/h-x86_64-mingw32/bin/../lib/gcc/nios2-elf/5.3.0/../../../../../H-x86_64-mingw32/nios2-elf/lib\libc.a(lib_a-puts.o) (strlen)
d:/intelfpga/16.1/nios2eds/bin/gnu/h-x86_64-mingw32/bin/../lib/gcc/nios2-elf/5.3.0/../../../../../H-x86_64-mingw32/nios2-elf/lib\libc.a(lib_a-vfprintf.o)
                              d:/intelfpga/16.1/nios2eds/bin/gnu/h-x86_64-mingw32/bin/../lib/gcc/nios2-elf/5.3.0/../../../../../H-x86_64-mingw32/nios2-elf/lib\libc.a(lib_a-printf.o) (___vfprintf_internal_r)
d:/intelfpga/16.1/nios2eds/bin/gnu/h-x86_64-mingw32/bin/../lib/gcc/nios2-elf/5.3.0/../../../../../H-x86_64-mingw32/nios2-elf/lib\libc.a(lib_a-wsetup.o)
                              d:/intelfpga/16.1/nios2eds/bin/gnu/h-x86_64-mingw32/bin/../lib/gcc/nios2-elf/5.3.0/../../../../../H-x86_64-mingw32/nios2-elf/lib\libc.a(lib_a-vfprintf.o) (__swsetup_r)
d:/intelfpga/16.1/nios2eds/bin/gnu/h-x86_64-mingw32/bin/../lib/gcc/nios2-elf/5.3.0/../../../../../H-x86_64-mingw32/nios2-elf/lib\libc.a(lib_a-dtoa.o)
                              d:/intelfpga/16.1/nios2eds/bin/gnu/h-x86_64-mingw32/bin/../lib/gcc/nios2-elf/5.3.0/../../../../../H-x86_64-mingw32/nios2-elf/lib\libc.a(lib_a-vfprintf.o) (_dtoa_r)
d:/intelfpga/16.1/nios2eds/bin/gnu/h-x86_64-mingw32/bin/../lib/gcc/nios2-elf/5.3.0/../../../../../H-x86_64-mingw32/nios2-elf/lib\libc.a(lib_a-fflush.o)
                              d:/intelfpga/16.1/nios2eds/bin/gnu/h-x86_64-mingw32/bin/../lib/gcc/nios2-elf/5.3.0/../../../../../H-x86_64-mingw32/nios2-elf/lib\libc.a(lib_a-vfprintf.o) (_fflush_r)
d:/intelfpga/16.1/nios2eds/bin/gnu/h-x86_64-mingw32/bin/../lib/gcc/nios2-elf/5.3.0/../../../../../H-x86_64-mingw32/nios2-elf/lib\libc.a(lib_a-findfp.o)
                              d:/intelfpga/16.1/nios2eds/bin/gnu/h-x86_64-mingw32/bin/../lib/gcc/nios2-elf/5.3.0/../../../../../H-x86_64-mingw32/nios2-elf/lib\libc.a(lib_a-puts.o) (__sinit)
d:/intelfpga/16.1/nios2eds/bin/gnu/h-x86_64-mingw32/bin/../lib/gcc/nios2-elf/5.3.0/../../../../../H-x86_64-mingw32/nios2-elf/lib\libc.a(lib_a-freer.o)
                              d:/intelfpga/16.1/nios2eds/bin/gnu/h-x86_64-mingw32/bin/../lib/gcc/nios2-elf/5.3.0/../../../../../H-x86_64-mingw32/nios2-elf/lib\libc.a(lib_a-malloc.o) (_free_r)
d:/intelfpga/16.1/nios2eds/bin/gnu/h-x86_64-mingw32/bin/../lib/gcc/nios2-elf/5.3.0/../../../../../H-x86_64-mingw32/nios2-elf/lib\libc.a(lib_a-fvwrite.o)
                              d:/intelfpga/16.1/nios2eds/bin/gnu/h-x86_64-mingw32/bin/../lib/gcc/nios2-elf/5.3.0/../../../../../H-x86_64-mingw32/nios2-elf/lib\libc.a(lib_a-puts.o) (__sfvwrite_r)
d:/intelfpga/16.1/nios2eds/bin/gnu/h-x86_64-mingw32/bin/../lib/gcc/nios2-elf/5.3.0/../../../../../H-x86_64-mingw32/nios2-elf/lib\libc.a(lib_a-fwalk.o)
[...]
Memory Configuration

Name             Origin             Length             Attributes
reset            0x0000000000020000 0x0000000000000020
onchip_memory2_0 0x0000000000020020 0x0000000000018680
*default*        0x0000000000000000 0xffffffffffffffff

Linker script and memory map

LOAD ../Camera_Test_bsp//obj/HAL/src/crt0.o
LOAD obj/default/I2C_core.o
LOAD obj/default/auto_focus.o
LOAD obj/default/main.o
LOAD obj/default/mipi_bridge_config.o
LOAD obj/default/mipi_camera_config.o
LOAD obj/default/queue.o
LOAD d:/intelfpga/16.1/nios2eds/bin/gnu/h-x86_64-mingw32/bin/../lib/gcc/nios2-elf/5.3.0/../../../../../H-x86_64-mingw32/nios2-elf/lib\libstdc++.a
LOAD d:/intelfpga/16.1/nios2eds/bin/gnu/h-x86_64-mingw32/bin/../lib/gcc/nios2-elf/5.3.0/../../../../../H-x86_64-mingw32/nios2-elf/lib\libm.a
LOAD d:/intelfpga/16.1/nios2eds/bin/gnu/h-x86_64-mingw32/bin/../lib/gcc/nios2-elf/5.3.0\libgcc.a
START GROUP
LOAD d:/intelfpga/16.1/nios2eds/bin/gnu/h-x86_64-mingw32/bin/../lib/gcc/nios2-elf/5.3.0/../../../../../H-x86_64-mingw32/nios2-elf/lib\libc.a
LOAD d:/intelfpga/16.1/nios2eds/bin/gnu/h-x86_64-mingw32/bin/../lib/gcc/nios2-elf/5.3.0\libgcc.a
LOAD ../Camera_Test_bsp/\libhal_bsp.a
LOAD d:/intelfpga/16.1/nios2eds/bin/gnu/h-x86_64-mingw32/bin/../lib/gcc/nios2-elf/5.3.0/../../../../../H-x86_64-mingw32/nios2-elf/lib\libm.a
END GROUP
LOAD d:/intelfpga/16.1/nios2eds/bin/gnu/h-x86_64-mingw32/bin/../lib/gcc/nios2-elf/5.3.0\libgcc.a
                0x0000000000020000                __alt_mem_onchip_memory2_0 = 0x20000

.entry          0x0000000000020000       0x20
 *(.entry)
 .entry         0x0000000000020000       0x20 ../Camera_Test_bsp//obj/HAL/src/crt0.o
                0x0000000000020000                __reset

.exceptions     0x0000000000020020      0x224
                0x0000000000020020                PROVIDE (__ram_exceptions_start, ABSOLUTE (.))
                0x0000000000020020                . = ALIGN (0x20)
 *(.irq)
 *(.exceptions.entry.label)
 .exceptions.entry.label
                0x0000000000020020        0x0 ../Camera_Test_bsp/\libhal_bsp.a(alt_irq_entry.o)
                0x0000000000020020                alt_irq_entry
 .exceptions.entry.label
                0x0000000000020020        0x0 ../Camera_Test_bsp/\libhal_bsp.a(alt_exception_entry.o)
                0x0000000000020020                alt_exception
 *(.exceptions.entry.user)
 *(.exceptions.entry.ecc_fatal)
 *(.exceptions.entry)
 .exceptions.entry
                0x0000000000020020       0x54 ../Camera_Test_bsp/\libhal_bsp.a(alt_exception_entry.o)
 *(.exceptions.irqtest.user)
 *(.exceptions.irqtest)
 .exceptions.irqtest
                0x0000000000020074       0x10 ../Camera_Test_bsp/\libhal_bsp.a(alt_irq_entry.o)
 *(.exceptions.irqhandler.user)
 *(.exceptions.irqhandler)
 .exceptions.irqhandler
                0x0000000000020084        0x4 ../Camera_Test_bsp/\libhal_bsp.a(alt_irq_entry.o)
 *(.exceptions.irqreturn.user)
 *(.exceptions.irqreturn)
 .exceptions.irqreturn
                0x0000000000020088        0x4 ../Camera_Test_bsp/\libhal_bsp.a(alt_irq_entry.o)
 *(.exceptions.notirq.label)
 .exceptions.notirq.label
                0x000000000002008c        0x0 ../Camera_Test_bsp/\libhal_bsp.a(alt_irq_entry.o)
 *(.exceptions.notirq.user)
 *(.exceptions.notirq)
 .exceptions.notirq
                0x000000000002008c        0x8 ../Camera_Test_bsp/\libhal_bsp.a(alt_exception_entry.o)
 *(.exceptions.soft.user)
 *(.exceptions.soft)
 *(.exceptions.unknown.user)
 *(.exceptions.unknown)
 .exceptions.unknown
                0x0000000000020094       0x14 ../Camera_Test_bsp/\libhal_bsp.a(alt_exception_entry.o)
 *(.exceptions.exit.label)
 .exceptions.exit.label
                0x00000000000200a8        0x0 ../Camera_Test_bsp/\libhal_bsp.a(alt_irq_entry.o)
 .exceptions.exit.label
                0x00000000000200a8        0x0 ../Camera_Test_bsp/\libhal_bsp.a(alt_exception_entry.o)
 *(.exceptions.exit.user)
 *(.exceptions.exit)
 .exceptions.exit
                0x00000000000200a8       0x54 ../Camera_Test_bsp/\libhal_bsp.a(alt_exception_entry.o)
 *(.exceptions)
 .exceptions    0x00000000000200fc       0xd4 ../Camera_Test_bsp/\libhal_bsp.a(alt_irq_handler.o)
                0x00000000000200fc                alt_irq_handler
 .exceptions    0x00000000000201d0       0x74 ../Camera_Test_bsp/\libhal_bsp.a(alt_instruction_exception_entry.o)
                0x00000000000201d0                alt_instruction_exception_entry
                0x0000000000020244                PROVIDE (__ram_exceptions_end, ABSOLUTE (.))
                0x0000000000020020                PROVIDE (__flash_exceptions_start, LOADADDR (.exceptions))

.text           0x0000000000020244    0x11664
                [!provide]                        PROVIDE (stext, ABSOLUTE (.))
 *(.interp)
 *(.hash)
 *(.dynsym)
 *(.dynstr)
 *(.gnu.version)
 *(.gnu.version_d)
 *(.gnu.version_r)
 *(.rel.init)
 *(.rela.init)
 *(.rel.text .rel.text.* .rel.gnu.linkonce.t.*)
 *(.rela.text .rela.text.* .rela.gnu.linkonce.t.*)
 *(.rel.fini)
 *(.rela.fini)
 *(.rel.rodata .rel.rodata.* .rel.gnu.linkonce.r.*)
 *(.rela.rodata .rela.rodata.* .rela.gnu.linkonce.r.*)
 *(.rel.data .rel.data.* .rel.gnu.linkonce.d.*)
 *(.rela.data .rela.data.* .rela.gnu.linkonce.d.*)
 *(.rel.tdata .rel.tdata.* .rel.gnu.linkonce.td.*)
 *(.rela.tdata .rela.tdata.* .rela.gnu.linkonce.td.*)
 *(.rel.tbss .rel.tbss.* .rel.gnu.linkonce.tb.*)
 *(.rela.tbss .rela.tbss.* .rela.gnu.linkonce.tb.*)
 *(.rel.ctors)
 *(.rela.ctors)
 *(.rel.dtors)
 *(.rela.dtors)
 *(.rel.got)
 *(.rela.got)
 *(.rel.sdata .rel.sdata.* .rel.gnu.linkonce.s.*)
 *(.rela.sdata .rela.sdata.* .rela.gnu.linkonce.s.*)
 *(.rel.sbss .rel.sbss.* .rel.gnu.linkonce.sb.*)
 *(.rela.sbss .rela.sbss.* .rela.gnu.linkonce.sb.*)
 *(.rel.sdata2 .rel.sdata2.* .rel.gnu.linkonce.s2.*)
 *(.rela.sdata2 .rela.sdata2.* .rela.gnu.linkonce.s2.*)
 *(.rel.sbss2 .rel.sbss2.* .rel.gnu.linkonce.sb2.*)
 *(.rela.sbss2 .rela.sbss2.* .rela.gnu.linkonce.sb2.*)
 *(.rel.bss .rel.bss.* .rel.gnu.linkonce.b.*)
 *(.rela.bss .rela.bss.* .rela.gnu.linkonce.b.*)
 *(.rel.plt)
 *(.rela.plt)
 *(.rel.dyn)
 *(.init)
 *(.plt)
 *(.text .stub .text.* .gnu.linkonce.t.*)
 .text          0x0000000000020244       0x4c ../Camera_Test_bsp//obj/HAL/src/crt0.o
                0x0000000000020244                _start
 .text          0x0000000000020290      0xdac obj/default/I2C_core.o
                0x0000000000020290                Write32_Data
                0x00000000000202e8                Read32_Data
                0x0000000000020340                oc_i2c_init
                0x0000000000020398                oc_i2c_init_ex
                0x00000000000204d4                oc_i2c_uninit
                0x0000000000020558                ACK_single_check
                0x00000000000205e4                ACK_check
                0x0000000000020644                OC_I2C_Write
                0x0000000000020844                ACK_judge_for_read
                0x00000000000208a8                OC_I2C_Read
                0x0000000000020a74                OC_I2C_Read_Continue
                0x0000000000020bac                OC_I2CL_Write
                0x0000000000020dbc                OC_I2CL_Read
 .text          0x000000000002103c      0x398 obj/default/auto_focus.o
                0x000000000002103c                Focus_Init
                0x0000000000021164                Focus_Window
                0x0000000000021344                Focus_Released
 .text          0x00000000000213d4      0x564 obj/default/main.o
                0x00000000000213d4                mipi_clear_error
                0x000000000002148c                mipi_show_error_info
                0x0000000000021524                mipi_show_error_info_more
                0x000000000002169c                MIPI_Init
                0x0000000000021724                main
 .text          0x0000000000021938      0x260 obj/default/mipi_bridge_config.o
                0x0000000000021938                nSWAP16
                0x0000000000021984                MipiBridgeRegWrite
                0x00000000000219f0                MipiBridgeRegRead
                0x0000000000021a68                MipiBridgeInit
 .text          0x0000000000021b98      0x668 obj/default/mipi_camera_config.o
                0x0000000000021b98                OV8865_read_cmos_sensor_8
                0x0000000000021bfc                OV8865_write_cmos_sensor_8
                0x0000000000021c68                OV8865_write_AF
                0x0000000000021cd4                OV8865_read_AF
                0x0000000000021d54                OV8865_FOCUS_Move_to
                0x0000000000021e38                MIPI_BIN_LEVEL
                0x0000000000021ff8                MipiCameraInit
 .text          0x0000000000022200      0x2a0 obj/default/queue.o
                0x0000000000022200                QUEUE_New
                0x0000000000022270                QUEUE_Delete
                0x00000000000222a4                QUEUE_IsEmpty
                0x00000000000222e4                QUEUE_IsFull
                0x0000000000022348                QUEUE_Push
                0x00000000000223dc                QUEUE_Pop
                0x000000000002246c                QUEUE_Empty
 .text          0x00000000000224a0      0x1b4 d:/intelfpga/16.1/nios2eds/bin/gnu/h-x86_64-mingw32/bin/../lib/gcc/nios2-elf/5.3.0\libgcc.a(lib2-divmod.o)
                0x00000000000224a0                __divsi3
                0x0000000000022524                __modsi3
                0x0000000000022598                __udivsi3
                0x00000000000225fc                __umodsi3
 .text          0x0000000000022654        0x0 d:/intelfpga/16.1/nios2eds/bin/gnu/h-x86_64-mingw32/bin/../lib/gcc/nios2-elf/5.3.0/../../../../../H-x86_64-mingw32/nios2-elf/lib\libc.a(lib_a-malloc.o)
 .text.malloc   0x0000000000022654       0x14 d:/intelfpga/16.1/nios2eds/bin/gnu/h-x86_64-mingw32/bin/../lib/gcc/nios2-elf/5.3.0/../../../../../H-x86_64-mingw32/nios2-elf/lib\libc.a(lib_a-malloc.o)
                0x0000000000022654                malloc
 .text.free     0x0000000000022668       0x14 d:/intelfpga/16.1/nios2eds/bin/gnu/h-x86_64-mingw32/bin/../lib/gcc/nios2-elf/5.3.0/../../../../../H-x86_64-mingw32/nios2-elf/lib\libc.a(lib_a-malloc.o)
                0x0000000000022668                free
 .text          0x000000000002267c        0x0 d:/intelfpga/16.1/nios2eds/bin/gnu/h-x86_64-mingw32/bin/../lib/gcc/nios2-elf/5.3.0/../../../../../H-x86_64-mingw32/nios2-elf/lib\libc.a(lib_a-mallocr.o)
 .text._malloc_r
                0x000000000002267c      0x80c d:/intelfpga/16.1/nios2eds/bin/gnu/h-x86_64-mingw32/bin/../lib/gcc/nios2-elf/5.3.0/../../../../../H-x86_64-mingw32/nios2-elf/lib\libc.a(lib_a-mallocr.o)
                0x000000000002267c                _malloc_r
 .text          0x0000000000022e88        0x0 d:/intelfpga/16.1/nios2eds/bin/gnu/h-x86_64-mingw32/bin/../lib/gcc/nios2-elf/5.3.0/../../../../../H-x86_64-mingw32/nios2-elf/lib\libc.a(lib_a-memset.o)
 .text.memset   0x0000000000022e88      0x128 d:/intelfpga/16.1/nios2eds/bin/gnu/h-x86_64-mingw32/bin/../lib/gcc/nios2-elf/5.3.0/../../../../../H-x86_64-mingw32/nios2-elf/lib\libc.a(lib_a-memset.o)
                0x0000000000022e88                memset
 .text          0x0000000000022fb0        0x0 d:/intelfpga/16.1/nios2eds/bin/gnu/h-x86_64-mingw32/bin/../lib/gcc/nios2-elf/5.3.0/../../../../../H-x86_64-mingw32/nios2-elf/lib\libc.a(lib_a-printf.o)
 .text._printf_r
                0x0000000000022fb0       0x30 d:/intelfpga/16.1/nios2eds/bin/gnu/h-x86_64-mingw32/bin/../lib/gcc/nios2-elf/5.3.0/../../../../../H-x86_64-mingw32/nios2-elf/lib\libc.a(lib_a-printf.o)
                0x0000000000022fb0                _printf_r
 .text.printf   0x0000000000022fe0       0x3c d:/intelfpga/16.1/nios2eds/bin/gnu/h-x86_64-mingw32/bin/../lib/gcc/nios2-elf/5.3.0/../../../../../H-x86_64-mingw32/nios2-elf/lib\libc.a(lib_a-printf.o)
                0x0000000000022fe0                printf
 .text          0x000000000002301c        0x0 d:/intelfpga/16.1/nios2eds/bin/gnu/h-x86_64-mingw32/bin/../lib/gcc/nios2-elf/5.3.0/../../../../../H-x86_64-mingw32/nios2-elf/lib\libc.a(lib_a-putchar.o)
 .text._putchar_r
                0x000000000002301c        0x8 d:/intelfpga/16.1/nios2eds/bin/gnu/h-x86_64-mingw32/bin/../lib/gcc/nios2-elf/5.3.0/../../../../../H-x86_64-mingw32/nios2-elf/lib\libc.a(lib_a-putchar.o)
                0x000000000002301c                _putchar_r
 .text.putchar  0x0000000000023024       0x18 d:/intelfpga/16.1/nios2eds/bin/gnu/h-x86_64-mingw32/bin/../lib/gcc/nios2-elf/5.3.0/../../../../../H-x86_64-mingw32/nios2-elf/lib\libc.a(lib_a-putchar.o)
                0x0000000000023024                putchar
 .text          0x000000000002303c        0x0 d:/intelfpga/16.1/nios2eds/bin/gnu/h-x86_64-mingw32/bin/../lib/gcc/nios2-elf/5.3.0/../../../../../H-x86_64-mingw32/nios2-elf/lib\libc.a(lib_a-puts.o)
 .text._puts_r  0x000000000002303c       0xc0 d:/intelfpga/16.1/nios2eds/bin/gnu/h-x86_64-mingw32/bin/../lib/gcc/nios2-elf/5.3.0/../../../../../H-x86_64-mingw32/nios2-elf/lib\libc.a(lib_a-puts.o)
                0x000000000002303c                _puts_r
 .text.puts     0x00000000000230fc       0x14 d:/intelfpga/16.1/nios2eds/bin/gnu/h-x86_64-mingw32/bin/../lib/gcc/nios2-elf/5.3.0/../../../../../H-x86_64-mingw32/nios2-elf/lib\libc.a(lib_a-puts.o)
                0x00000000000230fc                puts
 .text          0x0000000000023110        0x0 d:/intelfpga/16.1/nios2eds/bin/gnu/h-x86_64-mingw32/bin/../lib/gcc/nios2-elf/5.3.0/../../../../../H-x86_64-mingw32/nios2-elf/lib\libc.a(lib_a-sbrkr.o)
 .text._sbrk_r  0x0000000000023110       0x54 d:/intelfpga/16.1/nios2eds/bin/gnu/h-x86_64-mingw32/bin/../lib/gcc/nios2-elf/5.3.0/../../../../../H-x86_64-mingw32/nios2-elf/lib\libc.a(lib_a-sbrkr.o)
                0x0000000000023110                _sbrk_r
 .text          0x0000000000023164        0x0 d:/intelfpga/16.1/nios2eds/bin/gnu/h-x86_64-mingw32/bin/../lib/gcc/nios2-elf/5.3.0/../../../../../H-x86_64-mingw32/nios2-elf/lib\libc.a(lib_a-strlen.o)
 .text.strlen   0x0000000000023164       0x98 d:/intelfpga/16.1/nios2eds/bin/gnu/h-x86_64-mingw32/bin/../lib/gcc/nios2-elf/5.3.0/../../../../../H-x86_64-mingw32/nios2-elf/lib\libc.a(lib_a-strlen.o)
                0x0000000000023164                strlen
 .text          0x00000000000231fc        0x0 d:/intelfpga/16.1/nios2eds/bin/gnu/h-x86_64-mingw32/bin/../lib/gcc/nios2-elf/5.3.0/../../../../../H-x86_64-mingw32/nios2-elf/lib\libc.a(lib_a-vfprintf.o)
 .text.___vfprintf_internal_r
                0x00000000000231fc     0x21f8 d:/intelfpga/16.1/nios2eds/bin/gnu/h-x86_64-mingw32/bin/../lib/gcc/nios2-elf/5.3.0/../../../../../H-x86_64-mingw32/nios2-elf/lib\libc.a(lib_a-vfprintf.o)
                0x00000000000231fc                ___vfprintf_internal_r
 .text.__vfprintf_internal
                0x00000000000253f4       0x1c d:/intelfpga/16.1/nios2eds/bin/gnu/h-x86_64-mingw32/bin/../lib/gcc/nios2-elf/5.3.0/../../../../../H-x86_64-mingw32/nios2-elf/lib\libc.a(lib_a-vfprintf.o)
                0x00000000000253f4                __vfprintf_internal
 .text.__sbprintf
                0x0000000000025410       0xbc d:/intelfpga/16.1/nios2eds/bin/gnu/h-x86_64-mingw32/bin/../lib/gcc/nios2-elf/5.3.0/../../../../../H-x86_64-mingw32/nios2-elf/lib\libc.a(lib_a-vfprintf.o)
 .text          0x00000000000254cc        0x0 d:/intelfpga/16.1/nios2eds/bin/gnu/h-x86_64-mingw32/bin/../lib/gcc/nios2-elf/5.3.0/../../../../../H-x86_64-mingw32/nios2-elf/lib\libc.a(lib_a-wsetup.o)
 .text.__swsetup_r
                0x00000000000254cc      0x154 d:/intelfpga/16.1/nios2eds/bin/gnu/h-x86_64-mingw32/bin/../lib/gcc/nios2-elf/5.3.0/../../../../../H-x86_64-mingw32/nios2-elf/lib\libc.a(lib_a-wsetup.o)
                0x00000000000254cc                __swsetup_r
 .text          0x0000000000025620        0x0 d:/intelfpga/16.1/nios2eds/bin/gnu/h-x86_64-mingw32/bin/../lib/gcc/nios2-elf/5.3.0/../../../../../H-x86_64-mingw32/nios2-elf/lib\libc.a(lib_a-dtoa.o)
 .text.quorem   0x0000000000025620      0x200 d:/intelfpga/16.1/nios2eds/bin/gnu/h-x86_64-mingw32/bin/../lib/gcc/nios2-elf/5.3.0/../../../../../H-x86_64-mingw32/nios2-elf/lib\libc.a(lib_a-dtoa.o)
 .text._dtoa_r  0x0000000000025820     0x1688 d:/intelfpga/16.1/nios2eds/bin/gnu/h-x86_64-mingw32/bin/../lib/gcc/nios2-elf/5.3.0/../../../../../H-x86_64-mingw32/nios2-elf/lib\libc.a(lib_a-dtoa.o)
                0x0000000000025820                _dtoa_r
 .text          0x0000000000026ea8        0x0 d:/intelfpga/16.1/nios2eds/bin/gnu/h-x86_64-mingw32/bin/../lib/gcc/nios2-elf/5.3.0/../../../../../H-x86_64-mingw32/nios2-elf/lib\libc.a(lib_a-fflush.o)
 .text.__sflush_r
                0x0000000000026ea8      0x21c d:/intelfpga/16.1/nios2eds/bin/gnu/h-x86_64-mingw32/bin/../lib/gcc/nios2-elf/5.3.0/../../../../../H-x86_64-mingw32/nios2-elf/lib\libc.a(lib_a-fflush.o)
                0x0000000000026ea8                __sflush_r
 .text._fflush_r
                0x00000000000270c4       0x5c d:/intelfpga/16.1/nios2eds/bin/gnu/h-x86_64-mingw32/bin/../lib/gcc/nios2-elf/5.3.0/../../../../../H-x86_64-mingw32/nios2-elf/lib\libc.a(lib_a-fflush.o)
                0x00000000000270c4                _fflush_r
 .text.fflush   0x0000000000027120       0x30 d:/intelfpga/16.1/nios2eds/bin/gnu/h-x86_64-mingw32/bin/../lib/gcc/nios2-elf/5.3.0/../../../../../H-x86_64-mingw32/nios2-elf/lib\libc.a(lib_a-fflush.o)
                0x0000000000027120                fflush
 .text          0x0000000000027150        0x0 d:/intelfpga/16.1/nios2eds/bin/gnu/h-x86_64-mingw32/bin/../lib/gcc/nios2-elf/5.3.0/../../../../../H-x86_64-mingw32/nios2-elf/lib\libc.a(lib_a-findfp.o)
 .text.__fp_unlock
                0x0000000000027150        0x8 d:/intelfpga/16.1/nios2eds/bin/gnu/h-x86_64-mingw32/bin/../lib/gcc/nios2-elf/5.3.0/../../../../../H-x86_64-mingw32/nios2-elf/lib\libc.a(lib_a-findfp.o)
 .text._cleanup_r
                0x0000000000027158        0xc d:/intelfpga/16.1/nios2eds/bin/gnu/h-x86_64-mingw32/bin/../lib/gcc/nios2-elf/5.3.0/../../../../../H-x86_64-mingw32/nios2-elf/lib\libc.a(lib_a-findfp.o)
                0x0000000000027158                _cleanup_r
 .text.__sinit.part.1
                0x0000000000027164      0x19c d:/intelfpga/16.1/nios2eds/bin/gnu/h-x86_64-mingw32/bin/../lib/gcc/nios2-elf/5.3.0/../../../../../H-x86_64-mingw32/nios2-elf/lib\libc.a(lib_a-findfp.o)
 .text.__fp_lock
                0x0000000000027300        0x8 d:/intelfpga/16.1/nios2eds/bin/gnu/h-x86_64-mingw32/bin/../lib/gcc/nios2-elf/5.3.0/../../../../../H-x86_64-mingw32/nios2-elf/lib\libc.a(lib_a-findfp.o)
 .text.__sfmoreglue
                0x0000000000027308       0x68 d:/intelfpga/16.1/nios2eds/bin/gnu/h-x86_64-mingw32/bin/../lib/gcc/nios2-elf/5.3.0/../../../../../H-x86_64-mingw32/nios2-elf/lib\libc.a(lib_a-findfp.o)
                0x0000000000027308                __sfmoreglue
 .text.__sfp    0x0000000000027370      0x118 d:/intelfpga/16.1/nios2eds/bin/gnu/h-x86_64-mingw32/bin/../lib/gcc/nios2-elf/5.3.0/../../../../../H-x86_64-mingw32/nios2-elf/lib\libc.a(lib_a-findfp.o)
                0x0000000000027370                __sfp
 .text._cleanup
                0x0000000000027488       0x18 d:/intelfpga/16.1/nios2eds/bin/gnu/h-x86_64-mingw32/bin/../lib/gcc/nios2-elf/5.3.0/../../../../../H-x86_64-mingw32/nios2-elf/lib\libc.a(lib_a-findfp.o)
                0x0000000000027488                _cleanup
 .text.__sinit  0x00000000000274a0       0x10 d:/intelfpga/16.1/nios2eds/bin/gnu/h-x86_64-mingw32/bin/../lib/gcc/nios2-elf/5.3.0/../../../../../H-x86_64-mingw32/nios2-elf/lib\libc.a(lib_a-findfp.o)
                0x00000000000274a0                __sinit
 .text.__sfp_lock_acquire
                0x00000000000274b0        0x4 d:/intelfpga/16.1/nios2eds/bin/gnu/h-x86_64-mingw32/bin/../lib/gcc/nios2-elf/5.3.0/../../../../../H-x86_64-mingw32/nios2-elf/lib\libc.a(lib_a-findfp.o)
                0x00000000000274b0                __sfp_lock_acquire
 .text.__sfp_lock_release
                0x00000000000274b4        0x4 d:/intelfpga/16.1/nios2eds/bin/gnu/h-x86_64-mingw32/bin/../lib/gcc/nios2-elf/5.3.0/../../../../../H-x86_64-mingw32/nios2-elf/lib\libc.a(lib_a-findfp.o)
                0x00000000000274b4                __sfp_lock_release
 .text.__sinit_lock_acquire
                0x00000000000274b8        0x4 d:/intelfpga/16.1/nios2eds/bin/gnu/h-x86_64-mingw32/bin/../lib/gcc/nios2-elf/5.3.0/../../../../../H-x86_64-mingw32/nios2-elf/lib\libc.a(lib_a-findfp.o)
                0x00000000000274b8                __sinit_lock_acquire
 .text.__sinit_lock_release
                0x00000000000274bc        0x4 d:/intelfpga/16.1/nios2eds/bin/gnu/h-x86_64-mingw32/bin/../lib/gcc/nios2-elf/5.3.0/../../../../../H-x86_64-mingw32/nios2-elf/lib\libc.a(lib_a-findfp.o)
                0x00000000000274bc                __sinit_lock_release
 .text.__fp_lock_all
                0x00000000000274c0       0x18 d:/intelfpga/16.1/nios2eds/bin/gnu/h-x86_64-mingw32/bin/../lib/gcc/nios2-elf/5.3.0/../../../../../H-x86_64-mingw32/nios2-elf/lib\libc.a(lib_a-findfp.o)
                0x00000000000274c0                __fp_lock_all
 .text.__fp_unlock_all
                0x00000000000274d8       0x18 d:/intelfpga/16.1/nios2eds/bin/gnu/h-x86_64-mingw32/bin/../lib/gcc/nios2-elf/5.3.0/../../../../../H-x86_64-mingw32/nios2-elf/lib\libc.a(lib_a-findfp.o)
                0x00000000000274d8                __fp_unlock_all
 .text          0x00000000000274f0        0x0 d:/intelfpga/16.1/nios2eds/bin/gnu/h-x86_64-mingw32/bin/../lib/gcc/nios2-elf/5.3.0/../../../../../H-x86_64-mingw32/nios2-elf/lib\libc.a(lib_a-freer.o)
 .text._malloc_trim_r
                0x00000000000274f0      0x124 d:/intelfpga/16.1/nios2eds/bin/gnu/h-x86_64-mingw32/bin/../lib/gcc/nios2-elf/5.3.0/../../../../../H-x86_64-mingw32/nios2-elf/lib\libc.a(lib_a-freer.o)
                0x00000000000274f0                _malloc_trim_r
 .text._free_r  0x0000000000027614      0x310 d:/intelfpga/16.1/nios2eds/bin/gnu/h-x86_64-mingw32/bin/../lib/gcc/nios2-elf/5.3.0/../../../../../H-x86_64-mingw32/nios2-elf/lib\libc.a(lib_a-freer.o)
                0x0000000000027614                _free_r
 .text          0x0000000000027924        0x0 d:/intelfpga/16.1/nios2eds/bin/gnu/h-x86_64-mingw32/bin/../lib/gcc/nios2-elf/5.3.0/../../../../../H-x86_64-mingw32/nios2-elf/lib\libc.a(lib_a-fvwrite.o)
 .text.__sfvwrite_r
                0x0000000000027924      0x4bc d:/intelfpga/16.1/nios2eds/bin/gnu/h-x86_64-mingw32/bin/../lib/gcc/nios2-elf/5.3.0/../../../../../H-x86_64-mingw32/nios2-elf/lib\libc.a(lib_a-fvwrite.o)
                0x0000000000027924                __sfvwrite_r
 .text          0x0000000000027de0        0x0 d:/intelfpga/16.1/nios2eds/bin/gnu/h-x86_64-mingw32/bin/../lib/gcc/nios2-elf/5.3.0/../../../../../H-x86_64-mingw32/nios2-elf/lib\libc.a(lib_a-fwalk.o)
 .text._fwalk   0x0000000000027de0       0xc4 d:/intelfpga/16.1/nios2eds/bin/gnu/h-x86_64-mingw32/bin/../lib/gcc/nios2-elf/5.3.0/../../../../../H-x86_64-mingw32/nios2-elf/lib\libc.a(lib_a-fwalk.o)
                0x0000000000027de0                _fwalk
 .text._fwalk_reent
                0x0000000000027ea4       0xc4 d:/intelfpga/16.1/nios2eds/bin/gnu/h-x86_64-mingw32/bin/../lib/gcc/nios2-elf/5.3.0/../../../../../H-x86_64-mingw32/nios2-elf/lib\libc.a(lib_a-fwalk.o)
                0x0000000000027ea4                _fwalk_reent
 .text          0x0000000000027f68        0x0 d:/intelfpga/16.1/nios2eds/bin/gnu/h-x86_64-mingw32/bin/../lib/gcc/nios2-elf/5.3.0/../../../../../H-x86_64-mingw32/nios2-elf/lib\libc.a(lib_a-impure.o)
 .text          0x0000000000027f68        0x0 d:/intelfpga/16.1/nios2eds/bin/gnu/h-x86_64-mingw32/bin/../lib/gcc/nios2-elf/5.3.0/../../../../../H-x86_64-mingw32/nios2-elf/lib\libc.a(lib_a-int_errno.o)
 .text          0x0000000000027f68        0x0 d:/intelfpga/16.1/nios2eds/bin/gnu/h-x86_64-mingw32/bin/../lib/gcc/nios2-elf/5.3.0/../../../../../H-x86_64-mingw32/nios2-elf/lib\libc.a(lib_a-locale.o)
 .text._setlocale_r
                0x0000000000027f68       0x7c d:/intelfpga/16.1/nios2eds/bin/gnu/h-x86_64-mingw32/bin/../lib/gcc/nios2-elf/5.3.0/../../../../../H-x86_64-mingw32/nios2-elf/lib\libc.a(lib_a-locale.o)
                0x0000000000027f68                _setlocale_r
 .text.__locale_charset
                0x0000000000027fe4        0xc d:/intelfpga/16.1/nios2eds/bin/gnu/h-x86_64-mingw32/bin/../lib/gcc/nios2-elf/5.3.0/../../../../../H-x86_64-mingw32/nios2-elf/lib\libc.a(lib_a-locale.o)
                0x0000000000027fe4                __locale_charset
 .text.__locale_mb_cur_max
                0x0000000000027ff0       0x10 d:/intelfpga/16.1/nios2eds/bin/gnu/h-x86_64-mingw32/bin/../lib/gcc/nios2-elf/5.3.0/../../../../../H-x86_64-mingw32/nios2-elf/lib\libc.a(lib_a-locale.o)
                0x0000000000027ff0                __locale_mb_cur_max
 .text.__locale_msgcharset
                0x0000000000028000        0xc d:/intelfpga/16.1/nios2eds/bin/gnu/h-x86_64-mingw32/bin/../lib/gcc/nios2-elf/5.3.0/../../../../../H-x86_64-mingw32/nios2-elf/lib\libc.a(lib_a-locale.o)
                0x0000000000028000                __locale_msgcharset
 .text.__locale_cjk_lang
                0x000000000002800c        0x8 d:/intelfpga/16.1/nios2eds/bin/gnu/h-x86_64-mingw32/bin/../lib/gcc/nios2-elf/5.3.0/../../../../../H-x86_64-mingw32/nios2-elf/lib\libc.a(lib_a-locale.o)
                0x000000000002800c                __locale_cjk_lang
 .text._localeconv_r
                0x0000000000028014        0xc d:/intelfpga/16.1/nios2eds/bin/gnu/h-x86_64-mingw32/bin/../lib/gcc/nios2-elf/5.3.0/../../../../../H-x86_64-mingw32/nios2-elf/lib\libc.a(lib_a-locale.o)
                0x0000000000028014                _localeconv_r
 .text.setlocale
                0x0000000000028020       0x18 d:/intelfpga/16.1/nios2eds/bin/gnu/h-x86_64-mingw32/bin/../lib/gcc/nios2-elf/5.3.0/../../../../../H-x86_64-mingw32/nios2-elf/lib\libc.a(lib_a-locale.o)
                0x0000000000028020                setlocale
 .text.localeconv
                0x0000000000028038        0xc d:/intelfpga/16.1/nios2eds/bin/gnu/h-x86_64-mingw32/bin/../lib/gcc/nios2-elf/5.3.0/../../../../../H-x86_64-mingw32/nios2-elf/lib\libc.a(lib_a-locale.o)
                0x0000000000028038                localeconv
 .text          0x0000000000028044        0x0 d:/intelfpga/16.1/nios2eds/bin/gnu/h-x86_64-mingw32/bin/../lib/gcc/nios2-elf/5.3.0/../../../../../H-x86_64-mingw32/nios2-elf/lib\libc.a(lib_a-makebuf.o)
 .text.__smakebuf_r
                0x0000000000028044      0x1bc d:/intelfpga/16.1/nios2eds/bin/gnu/h-x86_64-mingw32/bin/../lib/gcc/nios2-elf/5.3.0/../../../../../H-x86_64-mingw32/nios2-elf/lib\libc.a(lib_a-makebuf.o)
                0x0000000000028044                __smakebuf_r
 .text          0x0000000000028200        0x0 d:/intelfpga/16.1/nios2eds/bin/gnu/h-x86_64-mingw32/bin/../lib/gcc/nios2-elf/5.3.0/../../../../../H-x86_64-mingw32/nios2-elf/lib\libc.a(lib_a-memchr.o)
 .text.memchr   0x0000000000028200       0xe4 d:/intelfpga/16.1/nios2eds/bin/gnu/h-x86_64-mingw32/bin/../lib/gcc/nios2-elf/5.3.0/../../../../../H-x86_64-mingw32/nios2-elf/lib\libc.a(lib_a-memchr.o)
                0x0000000000028200                memchr
 .text          0x00000000000282e4        0x0 d:/intelfpga/16.1/nios2eds/bin/gnu/h-x86_64-mingw32/bin/../lib/gcc/nios2-elf/5.3.0/../../../../../H-x86_64-mingw32/nios2-elf/lib\libc.a(lib_a-memcpy.o)
 .text.memcpy   0x00000000000282e4      0x148 d:/intelfpga/16.1/nios2eds/bin/gnu/h-x86_64-mingw32/bin/../lib/gcc/nios2-elf/5.3.0/../../../../../H-x86_64-mingw32/nios2-elf/lib\libc.a(lib_a-memcpy.o)
                0x00000000000282e4                memcpy
 .text          0x000000000002842c        0x0 d:/intelfpga/16.1/nios2eds/bin/gnu/h-x86_64-mingw32/bin/../lib/gcc/nios2-elf/5.3.0/../../../../../H-x86_64-mingw32/nios2-elf/lib\libc.a(lib_a-memmove.o)
 .text.memmove  0x000000000002842c      0x15c d:/intelfpga/16.1/nios2eds/bin/gnu/h-x86_64-mingw32/bin/../lib/gcc/nios2-elf/5.3.0/../../../../../H-x86_64-mingw32/nios2-elf/lib\libc.a(lib_a-memmove.o)
                0x000000000002842c                memmove
 .text          0x0000000000028588        0x0 d:/intelfpga/16.1/nios2eds/bin/gnu/h-x86_64-mingw32/bin/../lib/gcc/nios2-elf/5.3.0/../../../../../H-x86_64-mingw32/nios2-elf/lib\libc.a(lib_a-mprec.o)
 .text._Balloc  0x0000000000028588       0xa8 d:/intelfpga/16.1/nios2eds/bin/gnu/h-x86_64-mingw32/bin/../lib/gcc/nios2-elf/5.3.0/../../../../../H-x86_64-mingw32/nios2-elf/lib\libc.a(lib_a-mprec.o)
                0x0000000000028588                _Balloc
 .text._Bfree   0x0000000000028630       0x28 d:/intelfpga/16.1/nios2eds/bin/gnu/h-x86_64-mingw32/bin/../lib/gcc/nios2-elf/5.3.0/../../../../../H-x86_64-mingw32/nios2-elf/lib\libc.a(lib_a-mprec.o)
                0x0000000000028630                _Bfree
 .text.__multadd
                0x0000000000028658      0x120 d:/intelfpga/16.1/nios2eds/bin/gnu/h-x86_64-mingw32/bin/../lib/gcc/nios2-elf/5.3.0/../../../../../H-x86_64-mingw32/nios2-elf/lib\libc.a(lib_a-mprec.o)
                0x0000000000028658                __multadd
 .text.__s2b    0x0000000000028778      0x104 d:/intelfpga/16.1/nios2eds/bin/gnu/h-x86_64-mingw32/bin/../lib/gcc/nios2-elf/5.3.0/../../../../../H-x86_64-mingw32/nios2-elf/lib\libc.a(lib_a-mprec.o)
                0x0000000000028778                __s2b
 .text.__hi0bits
                0x000000000002887c       0x68 d:/intelfpga/16.1/nios2eds/bin/gnu/h-x86_64-mingw32/bin/../lib/gcc/nios2-elf/5.3.0/../../../../../H-x86_64-mingw32/nios2-elf/lib\libc.a(lib_a-mprec.o)
                0x000000000002887c                __hi0bits
 .text.__lo0bits
                0x00000000000288e4       0xb0 d:/intelfpga/16.1/nios2eds/bin/gnu/h-x86_64-mingw32/bin/../lib/gcc/nios2-elf/5.3.0/../../../../../H-x86_64-mingw32/nios2-elf/lib\libc.a(lib_a-mprec.o)
                0x00000000000288e4                __lo0bits
 .text.__i2b    0x0000000000028994       0x3c d:/intelfpga/16.1/nios2eds/bin/gnu/h-x86_64-mingw32/bin/../lib/gcc/nios2-elf/5.3.0/../../../../../H-x86_64-mingw32/nios2-elf/lib\libc.a(lib_a-mprec.o)
                0x0000000000028994                __i2b
 .text.__multiply
                0x00000000000289d0      0x1f8 d:/intelfpga/16.1/nios2eds/bin/gnu/h-x86_64-mingw32/bin/../lib/gcc/nios2-elf/5.3.0/../../../../../H-x86_64-mingw32/nios2-elf/lib\libc.a(lib_a-mprec.o)
                0x00000000000289d0                __multiply
 .text.__pow5mult
                0x0000000000028bc8      0x140 d:/intelfpga/16.1/nios2eds/bin/gnu/h-x86_64-mingw32/bin/../lib/gcc/nios2-elf/5.3.0/../../../../../H-x86_64-mingw32/nios2-elf/lib\libc.a(lib_a-mprec.o)
                0x0000000000028bc8                __pow5mult
 .text.__lshift
                0x0000000000028d08      0x148 d:/intelfpga/16.1/nios2eds/bin/gnu/h-x86_64-mingw32/bin/../lib/gcc/nios2-elf/5.3.0/../../../../../H-x86_64-mingw32/nios2-elf/lib\libc.a(lib_a-mprec.o)
                0x0000000000028d08                __lshift
 .text.__mcmp   0x0000000000028e50       0x60 d:/intelfpga/16.1/nios2eds/bin/gnu/h-x86_64-mingw32/bin/../lib/gcc/nios2-elf/5.3.0/../../../../../H-x86_64-mingw32/nios2-elf/lib\libc.a(lib_a-mprec.o)
                0x0000000000028e50                __mcmp
 .text.__mdiff  0x0000000000028eb0      0x1fc d:/intelfpga/16.1/nios2eds/bin/gnu/h-x86_64-mingw32/bin/../lib/gcc/nios2-elf/5.3.0/../../../../../H-x86_64-mingw32/nios2-elf/lib\libc.a(lib_a-mprec.o)
                0x0000000000028eb0                __mdiff
 .text.__ulp    0x00000000000290ac       0x64 d:/intelfpga/16.1/nios2eds/bin/gnu/h-x86_64-mingw32/bin/../lib/gcc/nios2-elf/5.3.0/../../../../../H-x86_64-mingw32/nios2-elf/lib\libc.a(lib_a-mprec.o)
                0x00000000000290ac                __ulp
 .text.__b2d    0x0000000000029110      0x10c d:/intelfpga/16.1/nios2eds/bin/gnu/h-x86_64-mingw32/bin/../lib/gcc/nios2-elf/5.3.0/../../../../../H-x86_64-mingw32/nios2-elf/lib\libc.a(lib_a-mprec.o)
                0x0000000000029110                __b2d
 .text.__d2b    0x000000000002921c      0x14c d:/intelfpga/16.1/nios2eds/bin/gnu/h-x86_64-mingw32/bin/../lib/gcc/nios2-elf/5.3.0/../../../../../H-x86_64-mingw32/nios2-elf/lib\libc.a(lib_a-mprec.o)
                0x000000000002921c                __d2b
 .text.__ratio  0x0000000000029368       0xa4 d:/intelfpga/16.1/nios2eds/bin/gnu/h-x86_64-mingw32/bin/../lib/gcc/nios2-elf/5.3.0/../../../../../H-x86_64-mingw32/nios2-elf/lib\libc.a(lib_a-mprec.o)
                0x0000000000029368                __ratio
 .text._mprec_log10
                0x000000000002940c       0x74 d:/intelfpga/16.1/nios2eds/bin/gnu/h-x86_64-mingw32/bin/../lib/gcc/nios2-elf/5.3.0/../../../../../H-x86_64-mingw32/nios2-elf/lib\libc.a(lib_a-mprec.o)
                0x000000000002940c                _mprec_log10
 .text.__copybits
                0x0000000000029480       0x78 d:/intelfpga/16.1/nios2eds/bin/gnu/h-x86_64-mingw32/bin/../lib/gcc/nios2-elf/5.3.0/../../../../../H-x86_64-mingw32/nios2-elf/lib\libc.a(lib_a-mprec.o)
                0x0000000000029480                __copybits
 .text.__any_on
                0x00000000000294f8       0x8c d:/intelfpga/16.1/nios2eds/bin/gnu/h-x86_64-mingw32/bin/../lib/gcc/nios2-elf/5.3.0/../../../../../H-x86_64-mingw32/nios2-elf/lib\libc.a(lib_a-mprec.o)
                0x00000000000294f8                __any_on
 .text          0x0000000000029584        0x0 d:/intelfpga/16.1/nios2eds/bin/gnu/h-x86_64-mingw32/bin/../lib/gcc/nios2-elf/5.3.0/../../../../../H-x86_64-mingw32/nios2-elf/lib\libc.a(lib_a-putc.o)
 .text._putc_r  0x0000000000029584       0xa0 d:/intelfpga/16.1/nios2eds/bin/gnu/h-x86_64-mingw32/bin/../lib/gcc/nios2-elf/5.3.0/../../../../../H-x86_64-mingw32/nios2-elf/lib\libc.a(lib_a-putc.o)
                0x0000000000029584                _putc_r
 .text.putc     0x0000000000029624       0xc8 d:/intelfpga/16.1/nios2eds/bin/gnu/h-x86_64-mingw32/bin/../lib/gcc/nios2-elf/5.3.0/../../../../../H-x86_64-mingw32/nios2-elf/lib\libc.a(lib_a-putc.o)
                0x0000000000029624                putc
 .text          0x00000000000296ec        0x0 d:/intelfpga/16.1/nios2eds/bin/gnu/h-x86_64-mingw32/bin/../lib/gcc/nios2-elf/5.3.0/../../../../../H-x86_64-mingw32/nios2-elf/lib\libc.a(lib_a-reallocr.o)
 .text._realloc_r
                0x00000000000296ec      0x564 d:/intelfpga/16.1/nios2eds/bin/gnu/h-x86_64-mingw32/bin/../lib/gcc/nios2-elf/5.3.0/../../../../../H-x86_64-mingw32/nios2-elf/lib\libc.a(lib_a-reallocr.o)
                0x00000000000296ec                _realloc_r
 .text          0x0000000000029c50        0x0 d:/intelfpga/16.1/nios2eds/bin/gnu/h-x86_64-mingw32/bin/../lib/gcc/nios2-elf/5.3.0/../../../../../H-x86_64-mingw32/nios2-elf/lib\libc.a(lib_a-s_fpclassify.o)
 .text.__fpclassifyd
                0x0000000000029c50       0x74 d:/intelfpga/16.1/nios2eds/bin/gnu/h-x86_64-mingw32/bin/../lib/gcc/nios2-elf/5.3.0/../../../../../H-x86_64-mingw32/nios2-elf/lib\libc.a(lib_a-s_fpclassify.o)
                0x0000000000029c50                __fpclassifyd
 .text          0x0000000000029cc4        0x0 d:/intelfpga/16.1/nios2eds/bin/gnu/h-x86_64-mingw32/bin/../lib/gcc/nios2-elf/5.3.0/../../../../../H-x86_64-mingw32/nios2-elf/lib\libc.a(lib_a-stdio.o)
 .text.__sread  0x0000000000029cc4       0x54 d:/intelfpga/16.1/nios2eds/bin/gnu/h-x86_64-mingw32/bin/../lib/gcc/nios2-elf/5.3.0/../../../../../H-x86_64-mingw32/nios2-elf/lib\libc.a(lib_a-stdio.o)
                0x0000000000029cc4                __sread
 .text.__seofread
                0x0000000000029d18        0x8 d:/intelfpga/16.1/nios2eds/bin/gnu/h-x86_64-mingw32/bin/../lib/gcc/nios2-elf/5.3.0/../../../../../H-x86_64-mingw32/nios2-elf/lib\libc.a(lib_a-stdio.o)
                0x0000000000029d18                __seofread
 .text.__swrite
                0x0000000000029d20       0x7c d:/intelfpga/16.1/nios2eds/bin/gnu/h-x86_64-mingw32/bin/../lib/gcc/nios2-elf/5.3.0/../../../../../H-x86_64-mingw32/nios2-elf/lib\libc.a(lib_a-stdio.o)
                0x0000000000029d20                __swrite
 .text.__sseek  0x0000000000029d9c       0x5c d:/intelfpga/16.1/nios2eds/bin/gnu/h-x86_64-mingw32/bin/../lib/gcc/nios2-elf/5.3.0/../../../../../H-x86_64-mingw32/nios2-elf/lib\libc.a(lib_a-stdio.o)
                0x0000000000029d9c                __sseek
 .text.__sclose
                0x0000000000029df8        0x8 d:/intelfpga/16.1/nios2eds/bin/gnu/h-x86_64-mingw32/bin/../lib/gcc/nios2-elf/5.3.0/../../../../../H-x86_64-mingw32/nios2-elf/lib\libc.a(lib_a-stdio.o)
                0x0000000000029df8                __sclose
 .text          0x0000000000029e00        0x0 d:/intelfpga/16.1/nios2eds/bin/gnu/h-x86_64-mingw32/bin/../lib/gcc/nios2-elf/5.3.0/../../../../../H-x86_64-mingw32/nios2-elf/lib\libc.a(lib_a-strcmp.o)
 .text.strcmp   0x0000000000029e00       0xdc d:/intelfpga/16.1/nios2eds/bin/gnu/h-x86_64-mingw32/bin/../lib/gcc/nios2-elf/5.3.0/../../../../../H-x86_64-mingw32/nios2-elf/lib\libc.a(lib_a-strcmp.o)
                0x0000000000029e00                strcmp
 .text          0x0000000000029edc        0x0 d:/intelfpga/16.1/nios2eds/bin/gnu/h-x86_64-mingw32/bin/../lib/gcc/nios2-elf/5.3.0/../../../../../H-x86_64-mingw32/nios2-elf/lib\libc.a(lib_a-vfiprintf.o)
 .text.__sprint_r.part.0
                0x0000000000029edc       0xfc d:/intelfpga/16.1/nios2eds/bin/gnu/h-x86_64-mingw32/bin/../lib/gcc/nios2-elf/5.3.0/../../../../../H-x86_64-mingw32/nios2-elf/lib\libc.a(lib_a-vfiprintf.o)
 .text.__sprint_r
                0x0000000000029fd8       0x18 d:/intelfpga/16.1/nios2eds/bin/gnu/h-x86_64-mingw32/bin/../lib/gcc/nios2-elf/5.3.0/../../../../../H-x86_64-mingw32/nios2-elf/lib\libc.a(lib_a-vfiprintf.o)
                0x0000000000029fd8                __sprint_r
 .text.___vfiprintf_internal_r
                0x0000000000029ff0     0x145c d:/intelfpga/16.1/nios2eds/bin/gnu/h-x86_64-mingw32/bin/../lib/gcc/nios2-elf/5.3.0/../../../../../H-x86_64-mingw32/nios2-elf/lib\libc.a(lib_a-vfiprintf.o)
                0x0000000000029ff0                ___vfiprintf_internal_r
 .text.__vfiprintf_internal
                0x000000000002b44c       0x1c d:/intelfpga/16.1/nios2eds/bin/gnu/h-x86_64-mingw32/bin/../lib/gcc/nios2-elf/5.3.0/../../../../../H-x86_64-mingw32/nios2-elf/lib\libc.a(lib_a-vfiprintf.o)
                0x000000000002b44c                __vfiprintf_internal
 .text.__sbprintf
                0x000000000002b468       0xbc d:/intelfpga/16.1/nios2eds/bin/gnu/h-x86_64-mingw32/bin/../lib/gcc/nios2-elf/5.3.0/../../../../../H-x86_64-mingw32/nios2-elf/lib\libc.a(lib_a-vfiprintf.o)
 .text          0x000000000002b524        0x0 d:/intelfpga/16.1/nios2eds/bin/gnu/h-x86_64-mingw32/bin/../lib/gcc/nios2-elf/5.3.0/../../../../../H-x86_64-mingw32/nios2-elf/lib\libc.a(lib_a-wbuf.o)
 .text.__swbuf_r
                0x000000000002b524      0x140 d:/intelfpga/16.1/nios2eds/bin/gnu/h-x86_64-mingw32/bin/../lib/gcc/nios2-elf/5.3.0/../../../../../H-x86_64-mingw32/nios2-elf/lib\libc.a(lib_a-wbuf.o)
                0x000000000002b524                __swbuf_r
 .text.__swbuf  0x000000000002b664       0x18 d:/intelfpga/16.1/nios2eds/bin/gnu/h-x86_64-mingw32/bin/../lib/gcc/nios2-elf/5.3.0/../../../../../H-x86_64-mingw32/nios2-elf/lib\libc.a(lib_a-wbuf.o)
                0x000000000002b664                __swbuf
 .text          0x000000000002b67c        0x0 d:/intelfpga/16.1/nios2eds/bin/gnu/h-x86_64-mingw32/bin/../lib/gcc/nios2-elf/5.3.0/../../../../../H-x86_64-mingw32/nios2-elf/lib\libc.a(lib_a-writer.o)
 .text._write_r
                0x000000000002b67c       0x60 d:/intelfpga/16.1/nios2eds/bin/gnu/h-x86_64-mingw32/bin/../lib/gcc/nios2-elf/5.3.0/../../../../../H-x86_64-mingw32/nios2-elf/lib\libc.a(lib_a-writer.o)
                0x000000000002b67c                _write_r
 .text          0x000000000002b6dc        0x0 d:/intelfpga/16.1/nios2eds/bin/gnu/h-x86_64-mingw32/bin/../lib/gcc/nios2-elf/5.3.0/../../../../../H-x86_64-mingw32/nios2-elf/lib\libc.a(closer.o)
 .text._close_r
                0x000000000002b6dc       0x54 d:/intelfpga/16.1/nios2eds/bin/gnu/h-x86_64-mingw32/bin/../lib/gcc/nios2-elf/5.3.0/../../../../../H-x86_64-mingw32/nios2-elf/lib\libc.a(closer.o)
                0x000000000002b6dc                _close_r
 .text          0x000000000002b730        0x0 d:/intelfpga/16.1/nios2eds/bin/gnu/h-x86_64-mingw32/bin/../lib/gcc/nios2-elf/5.3.0/../../../../../H-x86_64-mingw32/nios2-elf/lib\libc.a(lib_a-callocr.o)
 .text._calloc_r
                0x000000000002b730       0xc4 d:/intelfpga/16.1/nios2eds/bin/gnu/h-x86_64-mingw32/bin/../lib/gcc/nios2-elf/5.3.0/../../../../../H-x86_64-mingw32/nios2-elf/lib\libc.a(lib_a-callocr.o)
                0x000000000002b730                _calloc_r
 .text          0x000000000002b7f4        0x0 d:/intelfpga/16.1/nios2eds/bin/gnu/h-x86_64-mingw32/bin/../lib/gcc/nios2-elf/5.3.0/../../../../../H-x86_64-mingw32/nios2-elf/lib\libc.a(lib_a-fclose.o)
 .text._fclose_r
                0x000000000002b7f4       0xf0 d:/intelfpga/16.1/nios2eds/bin/gnu/h-x86_64-mingw32/bin/../lib/gcc/nios2-elf/5.3.0/../../../../../H-x86_64-mingw32/nios2-elf/lib\libc.a(lib_a-fclose.o)
                0x000000000002b7f4                _fclose_r
 .text.fclose   0x000000000002b8e4       0x14 d:/intelfpga/16.1/nios2eds/bin/gnu/h-x86_64-mingw32/bin/../lib/gcc/nios2-elf/5.3.0/../../../../../H-x86_64-mingw32/nios2-elf/lib\libc.a(lib_a-fclose.o)
                0x000000000002b8e4                fclose
 .text          0x000000000002b8f8        0x0 d:/intelfpga/16.1/nios2eds/bin/gnu/h-x86_64-mingw32/bin/../lib/gcc/nios2-elf/5.3.0/../../../../../H-x86_64-mingw32/nios2-elf/lib\libc.a(lib_a-fputwc.o)
 .text.__fputwc
                0x000000000002b8f8      0x164 d:/intelfpga/16.1/nios2eds/bin/gnu/h-x86_64-mingw32/bin/../lib/gcc/nios2-elf/5.3.0/../../../../../H-x86_64-mingw32/nios2-elf/lib\libc.a(lib_a-fputwc.o)
                0x000000000002b8f8                __fputwc
 .text._fputwc_r
                0x000000000002ba5c       0x24 d:/intelfpga/16.1/nios2eds/bin/gnu/h-x86_64-mingw32/bin/../lib/gcc/nios2-elf/5.3.0/../../../../../H-x86_64-mingw32/nios2-elf/lib\libc.a(lib_a-fputwc.o)
                0x000000000002ba5c                _fputwc_r
 .text.fputwc   0x000000000002ba80       0x80 d:/intelfpga/16.1/nios2eds/bin/gnu/h-x86_64-mingw32/bin/../lib/gcc/nios2-elf/5.3.0/../../../../../H-x86_64-mingw32/nios2-elf/lib\libc.a(lib_a-fputwc.o)
                0x000000000002ba80                fputwc
 .text          0x000000000002bb00        0x0 d:/intelfpga/16.1/nios2eds/bin/gnu/h-x86_64-mingw32/bin/../lib/gcc/nios2-elf/5.3.0/../../../../../H-x86_64-mingw32/nios2-elf/lib\libc.a(lib_a-fstatr.o)
 .text._fstat_r
                0x000000000002bb00       0x5c d:/intelfpga/16.1/nios2eds/bin/gnu/h-x86_64-mingw32/bin/../lib/gcc/nios2-elf/5.3.0/../../../../../H-x86_64-mingw32/nios2-elf/lib\libc.a(lib_a-fstatr.o)
                0x000000000002bb00                _fstat_r
 .text          0x000000000002bb5c        0x0 d:/intelfpga/16.1/nios2eds/bin/gnu/h-x86_64-mingw32/bin/../lib/gcc/nios2-elf/5.3.0/../../../../../H-x86_64-mingw32/nios2-elf/lib\libc.a(lib_a-isattyr.o)
 .text._isatty_r
                0x000000000002bb5c       0x54 d:/intelfpga/16.1/nios2eds/bin/gnu/h-x86_64-mingw32/bin/../lib/gcc/nios2-elf/5.3.0/../../../../../H-x86_64-mingw32/nios2-elf/lib\libc.a(lib_a-isattyr.o)
                0x000000000002bb5c                _isatty_r
 .text          0x000000000002bbb0        0x0 d:/intelfpga/16.1/nios2eds/bin/gnu/h-x86_64-mingw32/bin/../lib/gcc/nios2-elf/5.3.0/../../../../../H-x86_64-mingw32/nios2-elf/lib\libc.a(lib_a-lseekr.o)
 .text._lseek_r
                0x000000000002bbb0       0x60 d:/intelfpga/16.1/nios2eds/bin/gnu/h-x86_64-mingw32/bin/../lib/gcc/nios2-elf/5.3.0/../../../../../H-x86_64-mingw32/nios2-elf/lib\libc.a(lib_a-lseekr.o)
                0x000000000002bbb0                _lseek_r
 .text          0x000000000002bc10        0x0 d:/intelfpga/16.1/nios2eds/bin/gnu/h-x86_64-mingw32/bin/../lib/gcc/nios2-elf/5.3.0/../../../../../H-x86_64-mingw32/nios2-elf/lib\libc.a(lib_a-readr.o)
 .text._read_r  0x000000000002bc10       0x60 d:/intelfpga/16.1/nios2eds/bin/gnu/h-x86_64-mingw32/bin/../lib/gcc/nios2-elf/5.3.0/../../../../../H-x86_64-mingw32/nios2-elf/lib\libc.a(lib_a-readr.o)
                0x000000000002bc10                _read_r
 .text          0x000000000002bc70        0x0 d:/intelfpga/16.1/nios2eds/bin/gnu/h-x86_64-mingw32/bin/../lib/gcc/nios2-elf/5.3.0/../../../../../H-x86_64-mingw32/nios2-elf/lib\libc.a(lib_a-wcrtomb.o)
 .text._wcrtomb_r
                0x000000000002bc70       0x9c d:/intelfpga/16.1/nios2eds/bin/gnu/h-x86_64-mingw32/bin/../lib/gcc/nios2-elf/5.3.0/../../../../../H-x86_64-mingw32/nios2-elf/lib\libc.a(lib_a-wcrtomb.o)
                0x000000000002bc70                _wcrtomb_r
 .text.wcrtomb  0x000000000002bd0c       0xc0 d:/intelfpga/16.1/nios2eds/bin/gnu/h-x86_64-mingw32/bin/../lib/gcc/nios2-elf/5.3.0/../../../../../H-x86_64-mingw32/nios2-elf/lib\libc.a(lib_a-wcrtomb.o)
                0x000000000002bd0c                wcrtomb
 .text          0x000000000002bdcc        0x0 d:/intelfpga/16.1/nios2eds/bin/gnu/h-x86_64-mingw32/bin/../lib/gcc/nios2-elf/5.3.0/../../../../../H-x86_64-mingw32/nios2-elf/lib\libc.a(lib_a-wctomb_r.o)
 .text.__ascii_wctomb
                0x000000000002bdcc       0x30 d:/intelfpga/16.1/nios2eds/bin/gnu/h-x86_64-mingw32/bin/../lib/gcc/nios2-elf/5.3.0/../../../../../H-x86_64-mingw32/nios2-elf/lib\libc.a(lib_a-wctomb_r.o)
                0x000000000002bdcc                __ascii_wctomb
 .text._wctomb_r
                0x000000000002bdfc       0x5c d:/intelfpga/16.1/nios2eds/bin/gnu/h-x86_64-mingw32/bin/../lib/gcc/nios2-elf/5.3.0/../../../../../H-x86_64-mingw32/nios2-elf/lib\libc.a(lib_a-wctomb_r.o)
                0x000000000002bdfc                _wctomb_r
 .text          0x000000000002be58      0x578 d:/intelfpga/16.1/nios2eds/bin/gnu/h-x86_64-mingw32/bin/../lib/gcc/nios2-elf/5.3.0\libgcc.a(_udivdi3.o)
                0x000000000002be58                __udivdi3
 .text          0x000000000002c3d0      0x538 d:/intelfpga/16.1/nios2eds/bin/gnu/h-x86_64-mingw32/bin/../lib/gcc/nios2-elf/5.3.0\libgcc.a(_umoddi3.o)
                0x000000000002c3d0                __umoddi3
 .text          0x000000000002c908      0x8ac d:/intelfpga/16.1/nios2eds/bin/gnu/h-x86_64-mingw32/bin/../lib/gcc/nios2-elf/5.3.0\libgcc.a(adddf3.o)
                0x000000000002c908                __adddf3
 .text          0x000000000002d1b4      0x8e8 d:/intelfpga/16.1/nios2eds/bin/gnu/h-x86_64-mingw32/bin/../lib/gcc/nios2-elf/5.3.0\libgcc.a(divdf3.o)
                0x000000000002d1b4                __divdf3
 .text          0x000000000002da9c       0x88 d:/intelfpga/16.1/nios2eds/bin/gnu/h-x86_64-mingw32/bin/../lib/gcc/nios2-elf/5.3.0\libgcc.a(eqdf2.o)
                0x000000000002da9c                __nedf2
                0x000000000002da9c                __eqdf2
 .text          0x000000000002db24       0xdc d:/intelfpga/16.1/nios2eds/bin/gnu/h-x86_64-mingw32/bin/../lib/gcc/nios2-elf/5.3.0\libgcc.a(gedf2.o)
                0x000000000002db24                __gedf2
                0x000000000002db24                __gtdf2
 .text          0x000000000002dc00       0xf4 d:/intelfpga/16.1/nios2eds/bin/gnu/h-x86_64-mingw32/bin/../lib/gcc/nios2-elf/5.3.0\libgcc.a(ledf2.o)
                0x000000000002dc00                __ledf2
                0x000000000002dc00                __ltdf2
 .text          0x000000000002dcf4      0x718 d:/intelfpga/16.1/nios2eds/bin/gnu/h-x86_64-mingw32/bin/../lib/gcc/nios2-elf/5.3.0\libgcc.a(muldf3.o)
                0x000000000002dcf4                __muldf3
 .text          0x000000000002e40c      0x8fc d:/intelfpga/16.1/nios2eds/bin/gnu/h-x86_64-mingw32/bin/../lib/gcc/nios2-elf/5.3.0\libgcc.a(subdf3.o)
                0x000000000002e40c                __subdf3
 .text          0x000000000002ed08       0x80 d:/intelfpga/16.1/nios2eds/bin/gnu/h-x86_64-mingw32/bin/../lib/gcc/nios2-elf/5.3.0\libgcc.a(fixdfsi.o)
                0x000000000002ed08                __fixdfsi
 .text          0x000000000002ed88       0xdc d:/intelfpga/16.1/nios2eds/bin/gnu/h-x86_64-mingw32/bin/../lib/gcc/nios2-elf/5.3.0\libgcc.a(floatsidf.o)
                0x000000000002ed88                __floatsidf
 .text          0x000000000002ee64       0xa8 d:/intelfpga/16.1/nios2eds/bin/gnu/h-x86_64-mingw32/bin/../lib/gcc/nios2-elf/5.3.0\libgcc.a(floatunsidf.o)
                0x000000000002ee64                __floatunsidf
 .text          0x000000000002ef0c        0x0 d:/intelfpga/16.1/nios2eds/bin/gnu/h-x86_64-mingw32/bin/../lib/gcc/nios2-elf/5.3.0\libgcc.a(_clz.o)
 .text          0x000000000002ef0c       0x64 d:/intelfpga/16.1/nios2eds/bin/gnu/h-x86_64-mingw32/bin/../lib/gcc/nios2-elf/5.3.0\libgcc.a(_clzsi2.o)
                0x000000000002ef0c                __clzsi2
 .text          0x000000000002ef70      0x10c ../Camera_Test_bsp/\libhal_bsp.a(alt_close.o)
                0x000000000002efac                close
 .text          0x000000000002f07c       0x2c ../Camera_Test_bsp/\libhal_bsp.a(alt_dev.o)
 .text          0x000000000002f0a8        0x0 ../Camera_Test_bsp/\libhal_bsp.a(alt_errno.o)
 .text          0x000000000002f0a8       0xec ../Camera_Test_bsp/\libhal_bsp.a(alt_fstat.o)
                0x000000000002f0e4                fstat
 .text          0x000000000002f194       0xe0 ../Camera_Test_bsp/\libhal_bsp.a(alt_isatty.o)
                0x000000000002f1d0                isatty
 .text          0x000000000002f274       0xec ../Camera_Test_bsp/\libhal_bsp.a(alt_load.o)
                0x000000000002f2dc                alt_load
 .text          0x000000000002f360      0x110 ../Camera_Test_bsp/\libhal_bsp.a(alt_lseek.o)
                0x000000000002f39c                lseek
 .text          0x000000000002f470       0x7c ../Camera_Test_bsp/\libhal_bsp.a(alt_main.o)
                0x000000000002f470                alt_main
 .text          0x000000000002f4ec       0x48 ../Camera_Test_bsp/\libhal_bsp.a(alt_malloc_lock.o)
                0x000000000002f4ec                __malloc_lock
                0x000000000002f510                __malloc_unlock
 .text          0x000000000002f534      0x138 ../Camera_Test_bsp/\libhal_bsp.a(alt_read.o)
                0x000000000002f570                read
 .text          0x000000000002f66c       0x64 ../Camera_Test_bsp/\libhal_bsp.a(alt_release_fd.o)
                0x000000000002f66c                alt_release_fd
 .text          0x000000000002f6d0       0xb0 ../Camera_Test_bsp/\libhal_bsp.a(alt_sbrk.o)
                0x000000000002f6d0                sbrk
 .text          0x000000000002f780      0x1a4 ../Camera_Test_bsp/\libhal_bsp.a(alt_tick.o)
                0x000000000002f780                alt_alarm_stop
                0x000000000002f81c                alt_tick
 .text          0x000000000002f924       0x30 ../Camera_Test_bsp/\libhal_bsp.a(alt_usleep.o)
                0x000000000002f924                usleep
 .text          0x000000000002f954      0x134 ../Camera_Test_bsp/\libhal_bsp.a(alt_write.o)
                0x000000000002f990                write
 .text          0x000000000002fa88       0xd0 ../Camera_Test_bsp/\libhal_bsp.a(alt_sys_init.o)
                0x000000000002fabc                alt_irq_init
                0x000000000002faf4                alt_sys_init
 .text          0x000000000002fb58      0x164 ../Camera_Test_bsp/\libhal_bsp.a(altera_avalon_jtag_uart_fd.o)
                0x000000000002fb58                altera_avalon_jtag_uart_read_fd
                0x000000000002fbb8                altera_avalon_jtag_uart_write_fd
                0x000000000002fc18                altera_avalon_jtag_uart_close_fd
                0x000000000002fc68                altera_avalon_jtag_uart_ioctl_fd
 .text          0x000000000002fcbc      0x3d4 ../Camera_Test_bsp/\libhal_bsp.a(altera_avalon_jtag_uart_init.o)
                0x000000000002fcbc                altera_avalon_jtag_uart_init
                0x0000000000030028                altera_avalon_jtag_uart_close
 .text          0x0000000000030090       0xf0 ../Camera_Test_bsp/\libhal_bsp.a(altera_avalon_jtag_uart_ioctl.o)
                0x0000000000030090                altera_avalon_jtag_uart_ioctl
 .text          0x0000000000030180      0x21c ../Camera_Test_bsp/\libhal_bsp.a(altera_avalon_jtag_uart_read.o)
                0x0000000000030180                altera_avalon_jtag_uart_read
 .text          0x000000000003039c      0x224 ../Camera_Test_bsp/\libhal_bsp.a(altera_avalon_jtag_uart_write.o)
                0x000000000003039c                altera_avalon_jtag_uart_write
 .text          0x00000000000305c0       0xf4 ../Camera_Test_bsp/\libhal_bsp.a(altera_avalon_timer_sc.o)
                0x0000000000030638                alt_avalon_timer_sc_init
 .text          0x00000000000306b4      0x12c ../Camera_Test_bsp/\libhal_bsp.a(alt_alarm_start.o)
                0x00000000000306b4                alt_alarm_start
 .text          0x00000000000307e0      0x158 ../Camera_Test_bsp/\libhal_bsp.a(alt_busy_sleep.o)
                0x00000000000307e0                alt_busy_sleep
 .text          0x0000000000030938       0x48 ../Camera_Test_bsp/\libhal_bsp.a(alt_dcache_flush_all.o)
                0x0000000000030938                alt_dcache_flush_all
 .text          0x0000000000030980       0xe0 ../Camera_Test_bsp/\libhal_bsp.a(alt_dev_llist_insert.o)
                0x00000000000309bc                alt_dev_llist_insert
 .text          0x0000000000030a60       0x60 ../Camera_Test_bsp/\libhal_bsp.a(alt_do_ctors.o)
                0x0000000000030a60                _do_ctors
 .text          0x0000000000030ac0       0x60 ../Camera_Test_bsp/\libhal_bsp.a(alt_do_dtors.o)
                0x0000000000030ac0                _do_dtors
 .text          0x0000000000030b20       0x34 ../Camera_Test_bsp/\libhal_bsp.a(alt_icache_flush_all.o)
                0x0000000000030b20                alt_icache_flush_all
 .text          0x0000000000030b54      0x1b0 ../Camera_Test_bsp/\libhal_bsp.a(alt_iic.o)
                0x0000000000030b54                alt_ic_isr_register
                0x0000000000030ba4                alt_ic_irq_enable
                0x0000000000030c2c                alt_ic_irq_disable
                0x0000000000030cb8                alt_ic_irq_enabled
 .text          0x0000000000030d04       0xf0 ../Camera_Test_bsp/\libhal_bsp.a(alt_iic_isr_register.o)
                0x0000000000030d04                alt_iic_isr_register
 .text          0x0000000000030df4      0x140 ../Camera_Test_bsp/\libhal_bsp.a(alt_io_redirect.o)
                0x0000000000030eb8                alt_io_redirect
 .text          0x0000000000030f34        0x0 ../Camera_Test_bsp/\libhal_bsp.a(alt_irq_entry.o)
 .text          0x0000000000030f34        0x0 ../Camera_Test_bsp/\libhal_bsp.a(alt_irq_handler.o)
 .text          0x0000000000030f34        0x0 ../Camera_Test_bsp/\libhal_bsp.a(alt_irq_vars.o)
 .text          0x0000000000030f34      0x254 ../Camera_Test_bsp/\libhal_bsp.a(alt_open.o)
                0x0000000000031034                open
 .text          0x0000000000031188       0x24 ../Camera_Test_bsp/\libhal_bsp.a(altera_nios2_gen2_irq.o)
                0x0000000000031188                altera_nios2_gen2_irq_init
 .text          0x00000000000311ac        0x0 ../Camera_Test_bsp/\libhal_bsp.a(alt_exception_entry.o)
 .text          0x00000000000311ac       0x90 ../Camera_Test_bsp/\libhal_bsp.a(alt_find_dev.o)
                0x00000000000311ac                alt_find_dev
 .text          0x000000000003123c      0x108 ../Camera_Test_bsp/\libhal_bsp.a(alt_find_file.o)
                0x000000000003123c                alt_find_file
 .text          0x0000000000031344       0xa4 ../Camera_Test_bsp/\libhal_bsp.a(alt_get_fd.o)
                0x0000000000031344                alt_get_fd
 .text          0x00000000000313e8       0x90 ../Camera_Test_bsp/\libhal_bsp.a(alt_icache_flush.o)
                0x00000000000313e8                alt_icache_flush
 .text          0x0000000000031478       0x9c ../Camera_Test_bsp/\libhal_bsp.a(alt_instruction_exception_entry.o)
                0x0000000000031478                alt_exception_cause_generated_bad_addr
 .text          0x0000000000031514        0x0 d:/intelfpga/16.1/nios2eds/bin/gnu/h-x86_64-mingw32/bin/../lib/gcc/nios2-elf/5.3.0/../../../../../H-x86_64-mingw32/nios2-elf/lib\libc.a(lib_a-atexit.o)
 .text.atexit   0x0000000000031514       0x14 d:/intelfpga/16.1/nios2eds/bin/gnu/h-x86_64-mingw32/bin/../lib/gcc/nios2-elf/5.3.0/../../../../../H-x86_64-mingw32/nios2-elf/lib\libc.a(lib_a-atexit.o)
                0x0000000000031514                atexit
 .text          0x0000000000031528        0x0 d:/intelfpga/16.1/nios2eds/bin/gnu/h-x86_64-mingw32/bin/../lib/gcc/nios2-elf/5.3.0/../../../../../H-x86_64-mingw32/nios2-elf/lib\libc.a(lib_a-exit.o)
 .text.exit     0x0000000000031528       0x38 d:/intelfpga/16.1/nios2eds/bin/gnu/h-x86_64-mingw32/bin/../lib/gcc/nios2-elf/5.3.0/../../../../../H-x86_64-mingw32/nios2-elf/lib\libc.a(lib_a-exit.o)
                0x0000000000031528                exit
 .text          0x0000000000031560        0x0 d:/intelfpga/16.1/nios2eds/bin/gnu/h-x86_64-mingw32/bin/../lib/gcc/nios2-elf/5.3.0/../../../../../H-x86_64-mingw32/nios2-elf/lib\libc.a(lib_a-memcmp.o)
 .text.memcmp   0x0000000000031560       0x7c d:/intelfpga/16.1/nios2eds/bin/gnu/h-x86_64-mingw32/bin/../lib/gcc/nios2-elf/5.3.0/../../../../../H-x86_64-mingw32/nios2-elf/lib\libc.a(lib_a-memcmp.o)
                0x0000000000031560                memcmp
 .text          0x00000000000315dc        0x0 d:/intelfpga/16.1/nios2eds/bin/gnu/h-x86_64-mingw32/bin/../lib/gcc/nios2-elf/5.3.0/../../../../../H-x86_64-mingw32/nios2-elf/lib\libc.a(lib_a-__atexit.o)
 .text.__register_exitproc
                0x00000000000315dc      0x118 d:/intelfpga/16.1/nios2eds/bin/gnu/h-x86_64-mingw32/bin/../lib/gcc/nios2-elf/5.3.0/../../../../../H-x86_64-mingw32/nios2-elf/lib\libc.a(lib_a-__atexit.o)
                0x00000000000315dc                __register_exitproc
 .text          0x00000000000316f4        0x0 d:/intelfpga/16.1/nios2eds/bin/gnu/h-x86_64-mingw32/bin/../lib/gcc/nios2-elf/5.3.0/../../../../../H-x86_64-mingw32/nios2-elf/lib\libc.a(lib_a-__call_atexit.o)
 .text.__call_exitprocs
                0x00000000000316f4      0x180 d:/intelfpga/16.1/nios2eds/bin/gnu/h-x86_64-mingw32/bin/../lib/gcc/nios2-elf/5.3.0/../../../../../H-x86_64-mingw32/nios2-elf/lib\libc.a(lib_a-__call_atexit.o)
                0x00000000000316f4                __call_exitprocs
 .text          0x0000000000031874       0x34 ../Camera_Test_bsp/\libhal_bsp.a(alt_exit.o)
                0x0000000000031874                _exit
 *(.gnu.warning.*)
 *(.fini)
                [!provide]                        PROVIDE (__etext, ABSOLUTE (.))
                [!provide]                        PROVIDE (_etext, ABSOLUTE (.))
                [!provide]                        PROVIDE (etext, ABSOLUTE (.))
 *(.eh_frame_hdr)
                0x00000000000318a8                . = ALIGN (0x4)
                [!provide]                        PROVIDE (__preinit_array_start, ABSOLUTE (.))
 *(.preinit_array)
                [!provide]                        PROVIDE (__preinit_array_end, ABSOLUTE (.))
                [!provide]                        PROVIDE (__init_array_start, ABSOLUTE (.))
 *(.init_array)
                [!provide]                        PROVIDE (__init_array_end, ABSOLUTE (.))
                [!provide]                        PROVIDE (__fini_array_start, ABSOLUTE (.))
 *(.fini_array)
                [!provide]                        PROVIDE (__fini_array_end, ABSOLUTE (.))
 *(.eh_frame)
 *(.gcc_except_table .gcc_except_table.*)
 *(.dynamic)
                0x00000000000318a8                PROVIDE (__CTOR_LIST__, ABSOLUTE (.))
 *(.ctors)
 *(SORT(.ctors.*))
                0x00000000000318a8                PROVIDE (__CTOR_END__, ABSOLUTE (.))
                0x00000000000318a8                PROVIDE (__DTOR_LIST__, ABSOLUTE (.))
 *(.dtors)
 *(SORT(.dtors.*))
                0x00000000000318a8                PROVIDE (__DTOR_END__, ABSOLUTE (.))
 *(.jcr)
                0x00000000000318a8                . = ALIGN (0x4)

.rodata         0x00000000000318a8      0x880
                0x00000000000318a8                PROVIDE (__ram_rodata_start, ABSOLUTE (.))
                0x00000000000318a8                . = ALIGN (0x4)
 *(.rodata .rodata.* .gnu.linkonce.r.*)
 .rodata        0x00000000000318a8      0x277 obj/default/I2C_core.o
 *fill*         0x0000000000031b1f        0x1 
 .rodata        0x0000000000031b20       0x4e obj/default/auto_focus.o
 *fill*         0x0000000000031b6e        0x2 
 .rodata        0x0000000000031b70      0x1a1 obj/default/main.o
 *fill*         0x0000000000031d11        0x3 
 .rodata        0x0000000000031d14       0x61 obj/default/mipi_bridge_config.o
 *fill*         0x0000000000031d75        0x3 
 .rodata        0x0000000000031d78       0xb8 obj/default/mipi_camera_config.o
 .rodata.str1.4
                0x0000000000031e30        0x2 d:/intelfpga/16.1/nios2eds/bin/gnu/h-x86_64-mingw32/bin/../lib/gcc/nios2-elf/5.3.0/../../../../../H-x86_64-mingw32/nios2-elf/lib\libc.a(lib_a-puts.o)
 *fill*         0x0000000000031e32        0x2 
 .rodata.str1.4
                0x0000000000031e34       0x42 d:/intelfpga/16.1/nios2eds/bin/gnu/h-x86_64-mingw32/bin/../lib/gcc/nios2-elf/5.3.0/../../../../../H-x86_64-mingw32/nios2-elf/lib\libc.a(lib_a-vfprintf.o)
 .rodata.zeroes.4404
                0x0000000000031e76       0x10 d:/intelfpga/16.1/nios2eds/bin/gnu/h-x86_64-mingw32/bin/../lib/gcc/nios2-elf/5.3.0/../../../../../H-x86_64-mingw32/nios2-elf/lib\libc.a(lib_a-vfprintf.o)
 .rodata.blanks.4403
                0x0000000000031e86       0x10 d:/intelfpga/16.1/nios2eds/bin/gnu/h-x86_64-mingw32/bin/../lib/gcc/nios2-elf/5.3.0/../../../../../H-x86_64-mingw32/nios2-elf/lib\libc.a(lib_a-vfprintf.o)
 *fill*         0x0000000000031e96        0x2 
 .rodata.str1.4
                0x0000000000031e98       0x10 d:/intelfpga/16.1/nios2eds/bin/gnu/h-x86_64-mingw32/bin/../lib/gcc/nios2-elf/5.3.0/../../../../../H-x86_64-mingw32/nios2-elf/lib\libc.a(lib_a-dtoa.o)
                                         0x12 (size before relaxing)
 .rodata.str1.4
                0x0000000000031ea8        0x2 d:/intelfpga/16.1/nios2eds/bin/gnu/h-x86_64-mingw32/bin/../lib/gcc/nios2-elf/5.3.0/../../../../../H-x86_64-mingw32/nios2-elf/lib\libc.a(lib_a-impure.o)
 *fill*         0x0000000000031eaa        0x2 
 .rodata.str1.4
                0x0000000000031eac        0xc d:/intelfpga/16.1/nios2eds/bin/gnu/h-x86_64-mingw32/bin/../lib/gcc/nios2-elf/5.3.0/../../../../../H-x86_64-mingw32/nios2-elf/lib\libc.a(lib_a-locale.o)
                                         0x12 (size before relaxing)
 .rodata.p05.2768
                0x0000000000031eb8        0xc d:/intelfpga/16.1/nios2eds/bin/gnu/h-x86_64-mingw32/bin/../lib/gcc/nios2-elf/5.3.0/../../../../../H-x86_64-mingw32/nios2-elf/lib\libc.a(lib_a-mprec.o)
 .rodata.__mprec_tinytens
                0x0000000000031ec4       0x28 d:/intelfpga/16.1/nios2eds/bin/gnu/h-x86_64-mingw32/bin/../lib/gcc/nios2-elf/5.3.0/../../../../../H-x86_64-mingw32/nios2-elf/lib\libc.a(lib_a-mprec.o)
                0x0000000000031ec4                __mprec_tinytens
 .rodata.__mprec_bigtens
                0x0000000000031eec       0x28 d:/intelfpga/16.1/nios2eds/bin/gnu/h-x86_64-mingw32/bin/../lib/gcc/nios2-elf/5.3.0/../../../../../H-x86_64-mingw32/nios2-elf/lib\libc.a(lib_a-mprec.o)
                0x0000000000031eec                __mprec_bigtens
 .rodata.__mprec_tens
                0x0000000000031f14       0xc8 d:/intelfpga/16.1/nios2eds/bin/gnu/h-x86_64-mingw32/bin/../lib/gcc/nios2-elf/5.3.0/../../../../../H-x86_64-mingw32/nios2-elf/lib\libc.a(lib_a-mprec.o)
                0x0000000000031f14                __mprec_tens
 .rodata.str1.4
                0x0000000000031fdc       0x2f d:/intelfpga/16.1/nios2eds/bin/gnu/h-x86_64-mingw32/bin/../lib/gcc/nios2-elf/5.3.0/../../../../../H-x86_64-mingw32/nios2-elf/lib\libc.a(lib_a-vfiprintf.o)
 .rodata.zeroes.4349
                0x0000000000031fdc       0x10 d:/intelfpga/16.1/nios2eds/bin/gnu/h-x86_64-mingw32/bin/../lib/gcc/nios2-elf/5.3.0/../../../../../H-x86_64-mingw32/nios2-elf/lib\libc.a(lib_a-vfiprintf.o)
 .rodata.blanks.4348
                0x0000000000031fec       0x10 d:/intelfpga/16.1/nios2eds/bin/gnu/h-x86_64-mingw32/bin/../lib/gcc/nios2-elf/5.3.0/../../../../../H-x86_64-mingw32/nios2-elf/lib\libc.a(lib_a-vfiprintf.o)
 .rodata        0x0000000000031ffc      0x100 d:/intelfpga/16.1/nios2eds/bin/gnu/h-x86_64-mingw32/bin/../lib/gcc/nios2-elf/5.3.0\libgcc.a(_clz.o)
                0x0000000000031ffc                __clz_tab
 .rodata        0x00000000000320fc        0xa ../Camera_Test_bsp/\libhal_bsp.a(alt_dev.o)
 *fill*         0x0000000000032106        0x2 
 .rodata        0x0000000000032108        0xf ../Camera_Test_bsp/\libhal_bsp.a(alt_main.o)
 *fill*         0x0000000000032117        0x1 
 .rodata        0x0000000000032118        0xf ../Camera_Test_bsp/\libhal_bsp.a(alt_sys_init.o)
 *(.rodata1)
                0x0000000000032128                . = ALIGN (0x4)
 *fill*         0x0000000000032127        0x1 
                0x0000000000032128                PROVIDE (__ram_rodata_end, ABSOLUTE (.))
                0x00000000000318a8                PROVIDE (__flash_rodata_start, LOADADDR (.rodata))

.rwdata         0x0000000000032128     0x229c load address 0x00000000000343c4
                0x0000000000032128                PROVIDE (__ram_rwdata_start, ABSOLUTE (.))
                0x0000000000032128                . = ALIGN (0x4)
 *(.got.plt)
 *(.got)
 *(.data1)
 *(.data .data.* .gnu.linkonce.d.*)
 .data          0x0000000000032128        0x0 ../Camera_Test_bsp//obj/HAL/src/crt0.o
 .data          0x0000000000032128        0x0 obj/default/I2C_core.o
 .data          0x0000000000032128        0x0 obj/default/auto_focus.o
 .data          0x0000000000032128        0x0 obj/default/main.o
 .data          0x0000000000032128       0x34 obj/default/mipi_bridge_config.o
 .data          0x000000000003215c      0x76e obj/default/mipi_camera_config.o
 .data          0x00000000000328ca        0x0 obj/default/queue.o
 .data          0x00000000000328ca        0x0 d:/intelfpga/16.1/nios2eds/bin/gnu/h-x86_64-mingw32/bin/../lib/gcc/nios2-elf/5.3.0\libgcc.a(lib2-divmod.o)
 .data          0x00000000000328ca        0x0 d:/intelfpga/16.1/nios2eds/bin/gnu/h-x86_64-mingw32/bin/../lib/gcc/nios2-elf/5.3.0/../../../../../H-x86_64-mingw32/nios2-elf/lib\libc.a(lib_a-malloc.o)
 .data          0x00000000000328ca        0x0 d:/intelfpga/16.1/nios2eds/bin/gnu/h-x86_64-mingw32/bin/../lib/gcc/nios2-elf/5.3.0/../../../../../H-x86_64-mingw32/nios2-elf/lib\libc.a(lib_a-mallocr.o)
 *fill*         0x00000000000328ca        0x2 
 .data.__malloc_av_
                0x00000000000328cc      0x408 d:/intelfpga/16.1/nios2eds/bin/gnu/h-x86_64-mingw32/bin/../lib/gcc/nios2-elf/5.3.0/../../../../../H-x86_64-mingw32/nios2-elf/lib\libc.a(lib_a-mallocr.o)
                0x00000000000328cc                __malloc_av_
 .data          0x0000000000032cd4        0x0 d:/intelfpga/16.1/nios2eds/bin/gnu/h-x86_64-mingw32/bin/../lib/gcc/nios2-elf/5.3.0/../../../../../H-x86_64-mingw32/nios2-elf/lib\libc.a(lib_a-memset.o)
 .data          0x0000000000032cd4        0x0 d:/intelfpga/16.1/nios2eds/bin/gnu/h-x86_64-mingw32/bin/../lib/gcc/nios2-elf/5.3.0/../../../../../H-x86_64-mingw32/nios2-elf/lib\libc.a(lib_a-printf.o)
 .data          0x0000000000032cd4        0x0 d:/intelfpga/16.1/nios2eds/bin/gnu/h-x86_64-mingw32/bin/../lib/gcc/nios2-elf/5.3.0/../../../../../H-x86_64-mingw32/nios2-elf/lib\libc.a(lib_a-putchar.o)
 .data          0x0000000000032cd4        0x0 d:/intelfpga/16.1/nios2eds/bin/gnu/h-x86_64-mingw32/bin/../lib/gcc/nios2-elf/5.3.0/../../../../../H-x86_64-mingw32/nios2-elf/lib\libc.a(lib_a-puts.o)
 .data          0x0000000000032cd4        0x0 d:/intelfpga/16.1/nios2eds/bin/gnu/h-x86_64-mingw32/bin/../lib/gcc/nios2-elf/5.3.0/../../../../../H-x86_64-mingw32/nios2-elf/lib\libc.a(lib_a-sbrkr.o)
 .data          0x0000000000032cd4        0x0 d:/intelfpga/16.1/nios2eds/bin/gnu/h-x86_64-mingw32/bin/../lib/gcc/nios2-elf/5.3.0/../../../../../H-x86_64-mingw32/nios2-elf/lib\libc.a(lib_a-strlen.o)
 .data          0x0000000000032cd4        0x0 d:/intelfpga/16.1/nios2eds/bin/gnu/h-x86_64-mingw32/bin/../lib/gcc/nios2-elf/5.3.0/../../../../../H-x86_64-mingw32/nios2-elf/lib\libc.a(lib_a-vfprintf.o)
 .data          0x0000000000032cd4        0x0 d:/intelfpga/16.1/nios2eds/bin/gnu/h-x86_64-mingw32/bin/../lib/gcc/nios2-elf/5.3.0/../../../../../H-x86_64-mingw32/nios2-elf/lib\libc.a(lib_a-wsetup.o)
 .data          0x0000000000032cd4        0x0 d:/intelfpga/16.1/nios2eds/bin/gnu/h-x86_64-mingw32/bin/../lib/gcc/nios2-elf/5.3.0/../../../../../H-x86_64-mingw32/nios2-elf/lib\libc.a(lib_a-dtoa.o)
 .data          0x0000000000032cd4        0x0 d:/intelfpga/16.1/nios2eds/bin/gnu/h-x86_64-mingw32/bin/../lib/gcc/nios2-elf/5.3.0/../../../../../H-x86_64-mingw32/nios2-elf/lib\libc.a(lib_a-fflush.o)
 .data          0x0000000000032cd4        0x0 d:/intelfpga/16.1/nios2eds/bin/gnu/h-x86_64-mingw32/bin/../lib/gcc/nios2-elf/5.3.0/../../../../../H-x86_64-mingw32/nios2-elf/lib\libc.a(lib_a-findfp.o)
 .data          0x0000000000032cd4        0x0 d:/intelfpga/16.1/nios2eds/bin/gnu/h-x86_64-mingw32/bin/../lib/gcc/nios2-elf/5.3.0/../../../../../H-x86_64-mingw32/nios2-elf/lib\libc.a(lib_a-freer.o)
 .data          0x0000000000032cd4        0x0 d:/intelfpga/16.1/nios2eds/bin/gnu/h-x86_64-mingw32/bin/../lib/gcc/nios2-elf/5.3.0/../../../../../H-x86_64-mingw32/nios2-elf/lib\libc.a(lib_a-fvwrite.o)
 .data          0x0000000000032cd4        0x0 d:/intelfpga/16.1/nios2eds/bin/gnu/h-x86_64-mingw32/bin/../lib/gcc/nios2-elf/5.3.0/../../../../../H-x86_64-mingw32/nios2-elf/lib\libc.a(lib_a-fwalk.o)
 .data          0x0000000000032cd4        0x0 d:/intelfpga/16.1/nios2eds/bin/gnu/h-x86_64-mingw32/bin/../lib/gcc/nios2-elf/5.3.0/../../../../../H-x86_64-mingw32/nios2-elf/lib\libc.a(lib_a-impure.o)
 .data.impure_data
                0x0000000000032cd4      0x424 d:/intelfpga/16.1/nios2eds/bin/gnu/h-x86_64-mingw32/bin/../lib/gcc/nios2-elf/5.3.0/../../../../../H-x86_64-mingw32/nios2-elf/lib\libc.a(lib_a-impure.o)
 .data          0x00000000000330f8        0x0 d:/intelfpga/16.1/nios2eds/bin/gnu/h-x86_64-mingw32/bin/../lib/gcc/nios2-elf/5.3.0/../../../../../H-x86_64-mingw32/nios2-elf/lib\libc.a(lib_a-int_errno.o)
 .data          0x00000000000330f8        0x0 d:/intelfpga/16.1/nios2eds/bin/gnu/h-x86_64-mingw32/bin/../lib/gcc/nios2-elf/5.3.0/../../../../../H-x86_64-mingw32/nios2-elf/lib\libc.a(lib_a-locale.o)
 .data.lc_message_charset
                0x00000000000330f8       0x20 d:/intelfpga/16.1/nios2eds/bin/gnu/h-x86_64-mingw32/bin/../lib/gcc/nios2-elf/5.3.0/../../../../../H-x86_64-mingw32/nios2-elf/lib\libc.a(lib_a-locale.o)
 .data.lc_ctype_charset
                0x0000000000033118       0x20 d:/intelfpga/16.1/nios2eds/bin/gnu/h-x86_64-mingw32/bin/../lib/gcc/nios2-elf/5.3.0/../../../../../H-x86_64-mingw32/nios2-elf/lib\libc.a(lib_a-locale.o)
 .data.lconv    0x0000000000033138       0x38 d:/intelfpga/16.1/nios2eds/bin/gnu/h-x86_64-mingw32/bin/../lib/gcc/nios2-elf/5.3.0/../../../../../H-x86_64-mingw32/nios2-elf/lib\libc.a(lib_a-locale.o)
 .data          0x0000000000033170        0x0 d:/intelfpga/16.1/nios2eds/bin/gnu/h-x86_64-mingw32/bin/../lib/gcc/nios2-elf/5.3.0/../../../../../H-x86_64-mingw32/nios2-elf/lib\libc.a(lib_a-makebuf.o)
 .data          0x0000000000033170        0x0 d:/intelfpga/16.1/nios2eds/bin/gnu/h-x86_64-mingw32/bin/../lib/gcc/nios2-elf/5.3.0/../../../../../H-x86_64-mingw32/nios2-elf/lib\libc.a(lib_a-memchr.o)
 .data          0x0000000000033170        0x0 d:/intelfpga/16.1/nios2eds/bin/gnu/h-x86_64-mingw32/bin/../lib/gcc/nios2-elf/5.3.0/../../../../../H-x86_64-mingw32/nios2-elf/lib\libc.a(lib_a-memcpy.o)
 .data          0x0000000000033170        0x0 d:/intelfpga/16.1/nios2eds/bin/gnu/h-x86_64-mingw32/bin/../lib/gcc/nios2-elf/5.3.0/../../../../../H-x86_64-mingw32/nios2-elf/lib\libc.a(lib_a-memmove.o)
 .data          0x0000000000033170        0x0 d:/intelfpga/16.1/nios2eds/bin/gnu/h-x86_64-mingw32/bin/../lib/gcc/nios2-elf/5.3.0/../../../../../H-x86_64-mingw32/nios2-elf/lib\libc.a(lib_a-mprec.o)
 .data          0x0000000000033170        0x0 d:/intelfpga/16.1/nios2eds/bin/gnu/h-x86_64-mingw32/bin/../lib/gcc/nios2-elf/5.3.0/../../../../../H-x86_64-mingw32/nios2-elf/lib\libc.a(lib_a-putc.o)
 .data          0x0000000000033170        0x0 d:/intelfpga/16.1/nios2eds/bin/gnu/h-x86_64-mingw32/bin/../lib/gcc/nios2-elf/5.3.0/../../../../../H-x86_64-mingw32/nios2-elf/lib\libc.a(lib_a-reallocr.o)
 .data          0x0000000000033170        0x0 d:/intelfpga/16.1/nios2eds/bin/gnu/h-x86_64-mingw32/bin/../lib/gcc/nios2-elf/5.3.0/../../../../../H-x86_64-mingw32/nios2-elf/lib\libc.a(lib_a-s_fpclassify.o)
 .data          0x0000000000033170        0x0 d:/intelfpga/16.1/nios2eds/bin/gnu/h-x86_64-mingw32/bin/../lib/gcc/nios2-elf/5.3.0/../../../../../H-x86_64-mingw32/nios2-elf/lib\libc.a(lib_a-stdio.o)
 .data          0x0000000000033170        0x0 d:/intelfpga/16.1/nios2eds/bin/gnu/h-x86_64-mingw32/bin/../lib/gcc/nios2-elf/5.3.0/../../../../../H-x86_64-mingw32/nios2-elf/lib\libc.a(lib_a-strcmp.o)
 .data          0x0000000000033170        0x0 d:/intelfpga/16.1/nios2eds/bin/gnu/h-x86_64-mingw32/bin/../lib/gcc/nios2-elf/5.3.0/../../../../../H-x86_64-mingw32/nios2-elf/lib\libc.a(lib_a-vfiprintf.o)
 .data          0x0000000000033170        0x0 d:/intelfpga/16.1/nios2eds/bin/gnu/h-x86_64-mingw32/bin/../lib/gcc/nios2-elf/5.3.0/../../../../../H-x86_64-mingw32/nios2-elf/lib\libc.a(lib_a-wbuf.o)
 .data          0x0000000000033170        0x0 d:/intelfpga/16.1/nios2eds/bin/gnu/h-x86_64-mingw32/bin/../lib/gcc/nios2-elf/5.3.0/../../../../../H-x86_64-mingw32/nios2-elf/lib\libc.a(lib_a-writer.o)
 .data          0x0000000000033170        0x0 d:/intelfpga/16.1/nios2eds/bin/gnu/h-x86_64-mingw32/bin/../lib/gcc/nios2-elf/5.3.0/../../../../../H-x86_64-mingw32/nios2-elf/lib\libc.a(closer.o)
 .data          0x0000000000033170        0x0 d:/intelfpga/16.1/nios2eds/bin/gnu/h-x86_64-mingw32/bin/../lib/gcc/nios2-elf/5.3.0/../../../../../H-x86_64-mingw32/nios2-elf/lib\libc.a(lib_a-callocr.o)
 .data          0x0000000000033170        0x0 d:/intelfpga/16.1/nios2eds/bin/gnu/h-x86_64-mingw32/bin/../lib/gcc/nios2-elf/5.3.0/../../../../../H-x86_64-mingw32/nios2-elf/lib\libc.a(lib_a-fclose.o)
 .data          0x0000000000033170        0x0 d:/intelfpga/16.1/nios2eds/bin/gnu/h-x86_64-mingw32/bin/../lib/gcc/nios2-elf/5.3.0/../../../../../H-x86_64-mingw32/nios2-elf/lib\libc.a(lib_a-fputwc.o)
 .data          0x0000000000033170        0x0 d:/intelfpga/16.1/nios2eds/bin/gnu/h-x86_64-mingw32/bin/../lib/gcc/nios2-elf/5.3.0/../../../../../H-x86_64-mingw32/nios2-elf/lib\libc.a(lib_a-fstatr.o)
 .data          0x0000000000033170        0x0 d:/intelfpga/16.1/nios2eds/bin/gnu/h-x86_64-mingw32/bin/../lib/gcc/nios2-elf/5.3.0/../../../../../H-x86_64-mingw32/nios2-elf/lib\libc.a(lib_a-isattyr.o)
 .data          0x0000000000033170        0x0 d:/intelfpga/16.1/nios2eds/bin/gnu/h-x86_64-mingw32/bin/../lib/gcc/nios2-elf/5.3.0/../../../../../H-x86_64-mingw32/nios2-elf/lib\libc.a(lib_a-lseekr.o)
 .data          0x0000000000033170        0x0 d:/intelfpga/16.1/nios2eds/bin/gnu/h-x86_64-mingw32/bin/../lib/gcc/nios2-elf/5.3.0/../../../../../H-x86_64-mingw32/nios2-elf/lib\libc.a(lib_a-readr.o)
 .data          0x0000000000033170        0x0 d:/intelfpga/16.1/nios2eds/bin/gnu/h-x86_64-mingw32/bin/../lib/gcc/nios2-elf/5.3.0/../../../../../H-x86_64-mingw32/nios2-elf/lib\libc.a(lib_a-wcrtomb.o)
 .data          0x0000000000033170        0x0 d:/intelfpga/16.1/nios2eds/bin/gnu/h-x86_64-mingw32/bin/../lib/gcc/nios2-elf/5.3.0/../../../../../H-x86_64-mingw32/nios2-elf/lib\libc.a(lib_a-wctomb_r.o)
 .data          0x0000000000033170        0x0 d:/intelfpga/16.1/nios2eds/bin/gnu/h-x86_64-mingw32/bin/../lib/gcc/nios2-elf/5.3.0\libgcc.a(_udivdi3.o)
 .data          0x0000000000033170        0x0 d:/intelfpga/16.1/nios2eds/bin/gnu/h-x86_64-mingw32/bin/../lib/gcc/nios2-elf/5.3.0\libgcc.a(_umoddi3.o)
 .data          0x0000000000033170        0x0 d:/intelfpga/16.1/nios2eds/bin/gnu/h-x86_64-mingw32/bin/../lib/gcc/nios2-elf/5.3.0\libgcc.a(adddf3.o)
 .data          0x0000000000033170        0x0 d:/intelfpga/16.1/nios2eds/bin/gnu/h-x86_64-mingw32/bin/../lib/gcc/nios2-elf/5.3.0\libgcc.a(divdf3.o)
 .data          0x0000000000033170        0x0 d:/intelfpga/16.1/nios2eds/bin/gnu/h-x86_64-mingw32/bin/../lib/gcc/nios2-elf/5.3.0\libgcc.a(eqdf2.o)
 .data          0x0000000000033170        0x0 d:/intelfpga/16.1/nios2eds/bin/gnu/h-x86_64-mingw32/bin/../lib/gcc/nios2-elf/5.3.0\libgcc.a(gedf2.o)
 .data          0x0000000000033170        0x0 d:/intelfpga/16.1/nios2eds/bin/gnu/h-x86_64-mingw32/bin/../lib/gcc/nios2-elf/5.3.0\libgcc.a(ledf2.o)
 .data          0x0000000000033170        0x0 d:/intelfpga/16.1/nios2eds/bin/gnu/h-x86_64-mingw32/bin/../lib/gcc/nios2-elf/5.3.0\libgcc.a(muldf3.o)
 .data          0x0000000000033170        0x0 d:/intelfpga/16.1/nios2eds/bin/gnu/h-x86_64-mingw32/bin/../lib/gcc/nios2-elf/5.3.0\libgcc.a(subdf3.o)
 .data          0x0000000000033170        0x0 d:/intelfpga/16.1/nios2eds/bin/gnu/h-x86_64-mingw32/bin/../lib/gcc/nios2-elf/5.3.0\libgcc.a(fixdfsi.o)
 .data          0x0000000000033170        0x0 d:/intelfpga/16.1/nios2eds/bin/gnu/h-x86_64-mingw32/bin/../lib/gcc/nios2-elf/5.3.0\libgcc.a(floatsidf.o)
 .data          0x0000000000033170        0x0 d:/intelfpga/16.1/nios2eds/bin/gnu/h-x86_64-mingw32/bin/../lib/gcc/nios2-elf/5.3.0\libgcc.a(floatunsidf.o)
 .data          0x0000000000033170        0x0 d:/intelfpga/16.1/nios2eds/bin/gnu/h-x86_64-mingw32/bin/../lib/gcc/nios2-elf/5.3.0\libgcc.a(_clz.o)
 .data          0x0000000000033170        0x0 d:/intelfpga/16.1/nios2eds/bin/gnu/h-x86_64-mingw32/bin/../lib/gcc/nios2-elf/5.3.0\libgcc.a(_clzsi2.o)
 .data          0x0000000000033170        0x0 ../Camera_Test_bsp/\libhal_bsp.a(alt_close.o)
 .data          0x0000000000033170      0x1a8 ../Camera_Test_bsp/\libhal_bsp.a(alt_dev.o)
                0x0000000000033170                alt_dev_null
                0x0000000000033198                alt_fd_list
 .data          0x0000000000033318        0x0 ../Camera_Test_bsp/\libhal_bsp.a(alt_errno.o)
 .data          0x0000000000033318        0x0 ../Camera_Test_bsp/\libhal_bsp.a(alt_fstat.o)
 .data          0x0000000000033318        0x0 ../Camera_Test_bsp/\libhal_bsp.a(alt_isatty.o)
 .data          0x0000000000033318        0x0 ../Camera_Test_bsp/\libhal_bsp.a(alt_load.o)
 .data          0x0000000000033318        0x0 ../Camera_Test_bsp/\libhal_bsp.a(alt_lseek.o)
 .data          0x0000000000033318        0x0 ../Camera_Test_bsp/\libhal_bsp.a(alt_main.o)
 .data          0x0000000000033318        0x0 ../Camera_Test_bsp/\libhal_bsp.a(alt_malloc_lock.o)
 .data          0x0000000000033318        0x0 ../Camera_Test_bsp/\libhal_bsp.a(alt_read.o)
 .data          0x0000000000033318        0x0 ../Camera_Test_bsp/\libhal_bsp.a(alt_release_fd.o)
 .data          0x0000000000033318        0x0 ../Camera_Test_bsp/\libhal_bsp.a(alt_sbrk.o)
 .data          0x0000000000033318        0x0 ../Camera_Test_bsp/\libhal_bsp.a(alt_tick.o)
 .data          0x0000000000033318        0x0 ../Camera_Test_bsp/\libhal_bsp.a(alt_usleep.o)
 .data          0x0000000000033318        0x0 ../Camera_Test_bsp/\libhal_bsp.a(alt_write.o)
 .data          0x0000000000033318     0x1060 ../Camera_Test_bsp/\libhal_bsp.a(alt_sys_init.o)
 .data          0x0000000000034378        0x0 ../Camera_Test_bsp/\libhal_bsp.a(altera_avalon_jtag_uart_fd.o)
 .data          0x0000000000034378        0x0 ../Camera_Test_bsp/\libhal_bsp.a(altera_avalon_jtag_uart_init.o)
 .data          0x0000000000034378        0x0 ../Camera_Test_bsp/\libhal_bsp.a(altera_avalon_jtag_uart_ioctl.o)
 .data          0x0000000000034378        0x0 ../Camera_Test_bsp/\libhal_bsp.a(altera_avalon_jtag_uart_read.o)
 .data          0x0000000000034378        0x0 ../Camera_Test_bsp/\libhal_bsp.a(altera_avalon_jtag_uart_write.o)
 .data          0x0000000000034378        0x0 ../Camera_Test_bsp/\libhal_bsp.a(altera_avalon_timer_sc.o)
 .data          0x0000000000034378        0x0 ../Camera_Test_bsp/\libhal_bsp.a(alt_alarm_start.o)
 .data          0x0000000000034378        0x0 ../Camera_Test_bsp/\libhal_bsp.a(alt_busy_sleep.o)
 .data          0x0000000000034378        0x0 ../Camera_Test_bsp/\libhal_bsp.a(alt_dcache_flush_all.o)
 .data          0x0000000000034378        0x0 ../Camera_Test_bsp/\libhal_bsp.a(alt_dev_llist_insert.o)
 .data          0x0000000000034378        0x0 ../Camera_Test_bsp/\libhal_bsp.a(alt_do_ctors.o)
 .data          0x0000000000034378        0x0 ../Camera_Test_bsp/\libhal_bsp.a(alt_do_dtors.o)
 .data          0x0000000000034378        0x0 ../Camera_Test_bsp/\libhal_bsp.a(alt_icache_flush_all.o)
 .data          0x0000000000034378        0x0 ../Camera_Test_bsp/\libhal_bsp.a(alt_iic.o)
 .data          0x0000000000034378        0x0 ../Camera_Test_bsp/\libhal_bsp.a(alt_iic_isr_register.o)
 .data          0x0000000000034378        0x0 ../Camera_Test_bsp/\libhal_bsp.a(alt_io_redirect.o)
 .data          0x0000000000034378        0x0 ../Camera_Test_bsp/\libhal_bsp.a(alt_irq_entry.o)
 .data          0x0000000000034378        0x0 ../Camera_Test_bsp/\libhal_bsp.a(alt_irq_handler.o)
 .data          0x0000000000034378        0x0 ../Camera_Test_bsp/\libhal_bsp.a(alt_irq_vars.o)
 .data          0x0000000000034378        0x0 ../Camera_Test_bsp/\libhal_bsp.a(alt_open.o)
 .data          0x0000000000034378        0x0 ../Camera_Test_bsp/\libhal_bsp.a(altera_nios2_gen2_irq.o)
 .data          0x0000000000034378        0x0 ../Camera_Test_bsp/\libhal_bsp.a(alt_exception_entry.o)
 .data          0x0000000000034378        0x0 ../Camera_Test_bsp/\libhal_bsp.a(alt_find_dev.o)
 .data          0x0000000000034378        0x0 ../Camera_Test_bsp/\libhal_bsp.a(alt_find_file.o)
 .data          0x0000000000034378        0x0 ../Camera_Test_bsp/\libhal_bsp.a(alt_get_fd.o)
 .data          0x0000000000034378        0x0 ../Camera_Test_bsp/\libhal_bsp.a(alt_icache_flush.o)
 .data          0x0000000000034378        0x0 ../Camera_Test_bsp/\libhal_bsp.a(alt_instruction_exception_entry.o)
 .data          0x0000000000034378        0x0 d:/intelfpga/16.1/nios2eds/bin/gnu/h-x86_64-mingw32/bin/../lib/gcc/nios2-elf/5.3.0/../../../../../H-x86_64-mingw32/nios2-elf/lib\libc.a(lib_a-atexit.o)
 .data          0x0000000000034378        0x0 d:/intelfpga/16.1/nios2eds/bin/gnu/h-x86_64-mingw32/bin/../lib/gcc/nios2-elf/5.3.0/../../../../../H-x86_64-mingw32/nios2-elf/lib\libc.a(lib_a-exit.o)
 .data          0x0000000000034378        0x0 d:/intelfpga/16.1/nios2eds/bin/gnu/h-x86_64-mingw32/bin/../lib/gcc/nios2-elf/5.3.0/../../../../../H-x86_64-mingw32/nios2-elf/lib\libc.a(lib_a-memcmp.o)
 .data          0x0000000000034378        0x0 d:/intelfpga/16.1/nios2eds/bin/gnu/h-x86_64-mingw32/bin/../lib/gcc/nios2-elf/5.3.0/../../../../../H-x86_64-mingw32/nios2-elf/lib\libc.a(lib_a-__atexit.o)
 .data          0x0000000000034378        0x0 d:/intelfpga/16.1/nios2eds/bin/gnu/h-x86_64-mingw32/bin/../lib/gcc/nios2-elf/5.3.0/../../../../../H-x86_64-mingw32/nios2-elf/lib\libc.a(lib_a-__call_atexit.o)
 .data          0x0000000000034378        0x0 ../Camera_Test_bsp/\libhal_bsp.a(alt_exit.o)
                0x000000000003c378                _gp = ABSOLUTE ((. + 0x8000))
                [!provide]                        PROVIDE (gp, _gp)
 *(.rwdata .rwdata.*)
 *(.sdata .sdata.* .gnu.linkonce.s.*)
 .sdata         0x0000000000034378        0xb obj/default/auto_focus.o
                0x0000000000034378                video_w
                0x000000000003437a                video_h
                0x000000000003437c                focus_width
                0x000000000003437e                focus_height
                0x0000000000034380                focus_scal
                0x0000000000034381                focus_scal_f
                0x0000000000034382                focus_th
 *fill*         0x0000000000034383        0x1 
 .sdata.__malloc_sbrk_base
                0x0000000000034384        0x4 d:/intelfpga/16.1/nios2eds/bin/gnu/h-x86_64-mingw32/bin/../lib/gcc/nios2-elf/5.3.0/../../../../../H-x86_64-mingw32/nios2-elf/lib\libc.a(lib_a-mallocr.o)
                0x0000000000034384                __malloc_sbrk_base
 .sdata.__malloc_trim_threshold
                0x0000000000034388        0x4 d:/intelfpga/16.1/nios2eds/bin/gnu/h-x86_64-mingw32/bin/../lib/gcc/nios2-elf/5.3.0/../../../../../H-x86_64-mingw32/nios2-elf/lib\libc.a(lib_a-mallocr.o)
                0x0000000000034388                __malloc_trim_threshold
 .sdata._global_impure_ptr
                0x000000000003438c        0x4 d:/intelfpga/16.1/nios2eds/bin/gnu/h-x86_64-mingw32/bin/../lib/gcc/nios2-elf/5.3.0/../../../../../H-x86_64-mingw32/nios2-elf/lib\libc.a(lib_a-impure.o)
                0x000000000003438c                _global_impure_ptr
 .sdata._impure_ptr
                0x0000000000034390        0x4 d:/intelfpga/16.1/nios2eds/bin/gnu/h-x86_64-mingw32/bin/../lib/gcc/nios2-elf/5.3.0/../../../../../H-x86_64-mingw32/nios2-elf/lib\libc.a(lib_a-impure.o)
                0x0000000000034390                _impure_ptr
 .sdata.__mb_cur_max
                0x0000000000034394        0x4 d:/intelfpga/16.1/nios2eds/bin/gnu/h-x86_64-mingw32/bin/../lib/gcc/nios2-elf/5.3.0/../../../../../H-x86_64-mingw32/nios2-elf/lib\libc.a(lib_a-locale.o)
                0x0000000000034394                __mb_cur_max
 .sdata.__wctomb
                0x0000000000034398        0x4 d:/intelfpga/16.1/nios2eds/bin/gnu/h-x86_64-mingw32/bin/../lib/gcc/nios2-elf/5.3.0/../../../../../H-x86_64-mingw32/nios2-elf/lib\libc.a(lib_a-wctomb_r.o)
                0x0000000000034398                __wctomb
 .sdata         0x000000000003439c       0x14 ../Camera_Test_bsp/\libhal_bsp.a(alt_dev.o)
                0x000000000003439c                alt_fs_list
                0x00000000000343a4                alt_dev_list
                0x00000000000343ac                alt_max_fd
 .sdata         0x00000000000343b0        0x4 ../Camera_Test_bsp/\libhal_bsp.a(alt_errno.o)
                0x00000000000343b0                alt_errno
 .sdata         0x00000000000343b4        0x4 ../Camera_Test_bsp/\libhal_bsp.a(alt_sbrk.o)
 .sdata         0x00000000000343b8        0x8 ../Camera_Test_bsp/\libhal_bsp.a(alt_tick.o)
                0x00000000000343b8                alt_alarm_list
 .sdata         0x00000000000343c0        0x4 ../Camera_Test_bsp/\libhal_bsp.a(alt_irq_vars.o)
                0x00000000000343c0                alt_priority_mask
 *(.sdata2 .sdata2.* .gnu.linkonce.s2.*)
                0x00000000000343c4                . = ALIGN (0x4)
                0x00000000000343c4                _edata = ABSOLUTE (.)
                [!provide]                        PROVIDE (edata, ABSOLUTE (.))
                0x00000000000343c4                PROVIDE (__ram_rwdata_end, ABSOLUTE (.))
                0x00000000000343c4                PROVIDE (__flash_rwdata_start, LOADADDR (.rwdata))

.bss            0x0000000000036660      0x160
                0x0000000000036660                __bss_start = ABSOLUTE (.)
                [!provide]                        PROVIDE (__sbss_start, ABSOLUTE (.))
                [!provide]                        PROVIDE (___sbss_start, ABSOLUTE (.))
 *(.dynsbss)
 *(.sbss .sbss.* .gnu.linkonce.sb.*)
 .sbss.__malloc_max_total_mem
                0x0000000000036660        0x4 d:/intelfpga/16.1/nios2eds/bin/gnu/h-x86_64-mingw32/bin/../lib/gcc/nios2-elf/5.3.0/../../../../../H-x86_64-mingw32/nios2-elf/lib\libc.a(lib_a-mallocr.o)
                0x0000000000036660                __malloc_max_total_mem
 .sbss.__malloc_max_sbrked_mem
                0x0000000000036664        0x4 d:/intelfpga/16.1/nios2eds/bin/gnu/h-x86_64-mingw32/bin/../lib/gcc/nios2-elf/5.3.0/../../../../../H-x86_64-mingw32/nios2-elf/lib\libc.a(lib_a-mallocr.o)
                0x0000000000036664                __malloc_max_sbrked_mem
 .sbss.__malloc_top_pad
                0x0000000000036668        0x4 d:/intelfpga/16.1/nios2eds/bin/gnu/h-x86_64-mingw32/bin/../lib/gcc/nios2-elf/5.3.0/../../../../../H-x86_64-mingw32/nios2-elf/lib\libc.a(lib_a-mallocr.o)
                0x0000000000036668                __malloc_top_pad
 .sbss          0x000000000003666c        0x4 d:/intelfpga/16.1/nios2eds/bin/gnu/h-x86_64-mingw32/bin/../lib/gcc/nios2-elf/5.3.0/../../../../../H-x86_64-mingw32/nios2-elf/lib\libc.a(lib_a-int_errno.o)
                0x000000000003666c                errno
 .sbss._PathLocale
                0x0000000000036670        0x4 d:/intelfpga/16.1/nios2eds/bin/gnu/h-x86_64-mingw32/bin/../lib/gcc/nios2-elf/5.3.0/../../../../../H-x86_64-mingw32/nios2-elf/lib\libc.a(lib_a-locale.o)
                0x0000000000036670                _PathLocale
 .sbss.__mlocale_changed
                0x0000000000036674        0x4 d:/intelfpga/16.1/nios2eds/bin/gnu/h-x86_64-mingw32/bin/../lib/gcc/nios2-elf/5.3.0/../../../../../H-x86_64-mingw32/nios2-elf/lib\libc.a(lib_a-locale.o)
                0x0000000000036674                __mlocale_changed
 .sbss.__nlocale_changed
                0x0000000000036678        0x4 d:/intelfpga/16.1/nios2eds/bin/gnu/h-x86_64-mingw32/bin/../lib/gcc/nios2-elf/5.3.0/../../../../../H-x86_64-mingw32/nios2-elf/lib\libc.a(lib_a-locale.o)
                0x0000000000036678                __nlocale_changed
 .sbss          0x000000000003667c        0xc ../Camera_Test_bsp/\libhal_bsp.a(alt_main.o)
                0x000000000003667c                alt_argc
                0x0000000000036680                alt_argv
                0x0000000000036684                alt_envp
 .sbss          0x0000000000036688        0x8 ../Camera_Test_bsp/\libhal_bsp.a(alt_tick.o)
                0x0000000000036688                _alt_tick_rate
                0x000000000003668c                _alt_nticks
 .sbss          0x0000000000036690        0x4 ../Camera_Test_bsp/\libhal_bsp.a(alt_irq_vars.o)
                0x0000000000036690                alt_irq_active
 .sbss          0x0000000000036694        0x4 ../Camera_Test_bsp/\libhal_bsp.a(alt_instruction_exception_entry.o)
                0x0000000000036694                alt_instruction_exception_handler
 *(.sbss2 .sbss2.* .gnu.linkonce.sb2.*)
 *(.scommon)
                [!provide]                        PROVIDE (__sbss_end, ABSOLUTE (.))
                [!provide]                        PROVIDE (___sbss_end, ABSOLUTE (.))
 *(.dynbss)
 *(.bss .bss.* .gnu.linkonce.b.*)
 .bss           0x0000000000036698        0x0 ../Camera_Test_bsp//obj/HAL/src/crt0.o
 .bss           0x0000000000036698        0x0 obj/default/I2C_core.o
 .bss           0x0000000000036698        0x0 obj/default/auto_focus.o
 .bss           0x0000000000036698        0x0 obj/default/main.o
 .bss           0x0000000000036698        0x0 obj/default/mipi_bridge_config.o
 .bss           0x0000000000036698        0x0 obj/default/mipi_camera_config.o
 .bss           0x0000000000036698        0x0 obj/default/queue.o
 .bss           0x0000000000036698        0x0 d:/intelfpga/16.1/nios2eds/bin/gnu/h-x86_64-mingw32/bin/../lib/gcc/nios2-elf/5.3.0\libgcc.a(lib2-divmod.o)
 .bss           0x0000000000036698        0x0 d:/intelfpga/16.1/nios2eds/bin/gnu/h-x86_64-mingw32/bin/../lib/gcc/nios2-elf/5.3.0/../../../../../H-x86_64-mingw32/nios2-elf/lib\libc.a(lib_a-malloc.o)
 .bss           0x0000000000036698        0x0 d:/intelfpga/16.1/nios2eds/bin/gnu/h-x86_64-mingw32/bin/../lib/gcc/nios2-elf/5.3.0/../../../../../H-x86_64-mingw32/nios2-elf/lib\libc.a(lib_a-mallocr.o)
 .bss.__malloc_current_mallinfo
                0x0000000000036698       0x28 d:/intelfpga/16.1/nios2eds/bin/gnu/h-x86_64-mingw32/bin/../lib/gcc/nios2-elf/5.3.0/../../../../../H-x86_64-mingw32/nios2-elf/lib\libc.a(lib_a-mallocr.o)
                0x0000000000036698                __malloc_current_mallinfo
 .bss           0x00000000000366c0        0x0 d:/intelfpga/16.1/nios2eds/bin/gnu/h-x86_64-mingw32/bin/../lib/gcc/nios2-elf/5.3.0/../../../../../H-x86_64-mingw32/nios2-elf/lib\libc.a(lib_a-memset.o)
 .bss           0x00000000000366c0        0x0 d:/intelfpga/16.1/nios2eds/bin/gnu/h-x86_64-mingw32/bin/../lib/gcc/nios2-elf/5.3.0/../../../../../H-x86_64-mingw32/nios2-elf/lib\libc.a(lib_a-printf.o)
 .bss           0x00000000000366c0        0x0 d:/intelfpga/16.1/nios2eds/bin/gnu/h-x86_64-mingw32/bin/../lib/gcc/nios2-elf/5.3.0/../../../../../H-x86_64-mingw32/nios2-elf/lib\libc.a(lib_a-putchar.o)
 .bss           0x00000000000366c0        0x0 d:/intelfpga/16.1/nios2eds/bin/gnu/h-x86_64-mingw32/bin/../lib/gcc/nios2-elf/5.3.0/../../../../../H-x86_64-mingw32/nios2-elf/lib\libc.a(lib_a-puts.o)
 .bss           0x00000000000366c0        0x0 d:/intelfpga/16.1/nios2eds/bin/gnu/h-x86_64-mingw32/bin/../lib/gcc/nios2-elf/5.3.0/../../../../../H-x86_64-mingw32/nios2-elf/lib\libc.a(lib_a-sbrkr.o)
 .bss           0x00000000000366c0        0x0 d:/intelfpga/16.1/nios2eds/bin/gnu/h-x86_64-mingw32/bin/../lib/gcc/nios2-elf/5.3.0/../../../../../H-x86_64-mingw32/nios2-elf/lib\libc.a(lib_a-strlen.o)
 .bss           0x00000000000366c0        0x0 d:/intelfpga/16.1/nios2eds/bin/gnu/h-x86_64-mingw32/bin/../lib/gcc/nios2-elf/5.3.0/../../../../../H-x86_64-mingw32/nios2-elf/lib\libc.a(lib_a-vfprintf.o)
 .bss           0x00000000000366c0        0x0 d:/intelfpga/16.1/nios2eds/bin/gnu/h-x86_64-mingw32/bin/../lib/gcc/nios2-elf/5.3.0/../../../../../H-x86_64-mingw32/nios2-elf/lib\libc.a(lib_a-wsetup.o)
 .bss           0x00000000000366c0        0x0 d:/intelfpga/16.1/nios2eds/bin/gnu/h-x86_64-mingw32/bin/../lib/gcc/nios2-elf/5.3.0/../../../../../H-x86_64-mingw32/nios2-elf/lib\libc.a(lib_a-dtoa.o)
 .bss           0x00000000000366c0        0x0 d:/intelfpga/16.1/nios2eds/bin/gnu/h-x86_64-mingw32/bin/../lib/gcc/nios2-elf/5.3.0/../../../../../H-x86_64-mingw32/nios2-elf/lib\libc.a(lib_a-fflush.o)
 .bss           0x00000000000366c0        0x0 d:/intelfpga/16.1/nios2eds/bin/gnu/h-x86_64-mingw32/bin/../lib/gcc/nios2-elf/5.3.0/../../../../../H-x86_64-mingw32/nios2-elf/lib\libc.a(lib_a-findfp.o)
 .bss           0x00000000000366c0        0x0 d:/intelfpga/16.1/nios2eds/bin/gnu/h-x86_64-mingw32/bin/../lib/gcc/nios2-elf/5.3.0/../../../../../H-x86_64-mingw32/nios2-elf/lib\libc.a(lib_a-freer.o)
 .bss           0x00000000000366c0        0x0 d:/intelfpga/16.1/nios2eds/bin/gnu/h-x86_64-mingw32/bin/../lib/gcc/nios2-elf/5.3.0/../../../../../H-x86_64-mingw32/nios2-elf/lib\libc.a(lib_a-fvwrite.o)
 .bss           0x00000000000366c0        0x0 d:/intelfpga/16.1/nios2eds/bin/gnu/h-x86_64-mingw32/bin/../lib/gcc/nios2-elf/5.3.0/../../../../../H-x86_64-mingw32/nios2-elf/lib\libc.a(lib_a-fwalk.o)
 .bss           0x00000000000366c0        0x0 d:/intelfpga/16.1/nios2eds/bin/gnu/h-x86_64-mingw32/bin/../lib/gcc/nios2-elf/5.3.0/../../../../../H-x86_64-mingw32/nios2-elf/lib\libc.a(lib_a-impure.o)