------------------------------------------------------------
TimeQuest Timing Analyzer Summary
------------------------------------------------------------

Type  : Slow 1100mV 85C Model Setup 'clk_dram'
Slack : -9.055
TNS   : -327.537

Type  : Slow 1100mV 85C Model Setup 'u0|pll_sys|altera_pll_i|general[2].gpll~PLL_OUTPUT_COUNTER|divclk'
Slack : -1.342
TNS   : -21.173

Type  : Slow 1100mV 85C Model Setup 'altera_reserved_tck'
Slack : 10.300
TNS   : 0.000

Type  : Slow 1100mV 85C Model Setup 'CLOCK2_50'
Slack : 13.979
TNS   : 0.000

Type  : Slow 1100mV 85C Model Setup 'CLOCK_50'
Slack : 14.311
TNS   : 0.000

Type  : Slow 1100mV 85C Model Setup 'clk_vga'
Slack : 14.986
TNS   : 0.000

Type  : Slow 1100mV 85C Model Setup 'CAMERA0_MIPI_PIXEL_CLK'
Slack : 15.847
TNS   : 0.000

Type  : Slow 1100mV 85C Model Setup 'CAMERA1_MIPI_PIXEL_CLK'
Slack : 16.270
TNS   : 0.000

Type  : Slow 1100mV 85C Model Setup 'u0|pll_sys|altera_pll_i|general[3].gpll~PLL_OUTPUT_COUNTER|divclk'
Slack : 18.092
TNS   : 0.000

Type  : Slow 1100mV 85C Model Hold 'u0|pll_sys|altera_pll_i|general[2].gpll~PLL_OUTPUT_COUNTER|divclk'
Slack : -1.570
TNS   : -24.700

Type  : Slow 1100mV 85C Model Hold 'CAMERA1_MIPI_PIXEL_CLK'
Slack : 0.075
TNS   : 0.000

Type  : Slow 1100mV 85C Model Hold 'CAMERA0_MIPI_PIXEL_CLK'
Slack : 0.224
TNS   : 0.000

Type  : Slow 1100mV 85C Model Hold 'u0|pll_sys|altera_pll_i|general[3].gpll~PLL_OUTPUT_COUNTER|divclk'
Slack : 0.340
TNS   : 0.000

Type  : Slow 1100mV 85C Model Hold 'CLOCK_50'
Slack : 0.349
TNS   : 0.000

Type  : Slow 1100mV 85C Model Hold 'CLOCK2_50'
Slack : 0.361
TNS   : 0.000

Type  : Slow 1100mV 85C Model Hold 'altera_reserved_tck'
Slack : 0.438
TNS   : 0.000

Type  : Slow 1100mV 85C Model Hold 'clk_vga'
Slack : 3.576
TNS   : 0.000

Type  : Slow 1100mV 85C Model Hold 'clk_dram'
Slack : 4.039
TNS   : 0.000

Type  : Slow 1100mV 85C Model Recovery 'u0|pll_sys|altera_pll_i|general[3].gpll~PLL_OUTPUT_COUNTER|divclk'
Slack : -1.885
TNS   : -5.631

Type  : Slow 1100mV 85C Model Recovery 'u0|pll_sys|altera_pll_i|general[2].gpll~PLL_OUTPUT_COUNTER|divclk'
Slack : 2.058
TNS   : 0.000

Type  : Slow 1100mV 85C Model Recovery 'CLOCK_50'
Slack : 17.244
TNS   : 0.000

Type  : Slow 1100mV 85C Model Recovery 'altera_reserved_tck'
Slack : 18.516
TNS   : 0.000

Type  : Slow 1100mV 85C Model Recovery 'CAMERA1_MIPI_PIXEL_CLK'
Slack : 37.854
TNS   : 0.000

Type  : Slow 1100mV 85C Model Recovery 'CAMERA0_MIPI_PIXEL_CLK'
Slack : 38.377
TNS   : 0.000

Type  : Slow 1100mV 85C Model Removal 'CAMERA1_MIPI_PIXEL_CLK'
Slack : 0.429
TNS   : 0.000

Type  : Slow 1100mV 85C Model Removal 'u0|pll_sys|altera_pll_i|general[3].gpll~PLL_OUTPUT_COUNTER|divclk'
Slack : 0.431
TNS   : 0.000

Type  : Slow 1100mV 85C Model Removal 'u0|pll_sys|altera_pll_i|general[2].gpll~PLL_OUTPUT_COUNTER|divclk'
Slack : 0.443
TNS   : 0.000

Type  : Slow 1100mV 85C Model Removal 'CAMERA0_MIPI_PIXEL_CLK'
Slack : 0.470
TNS   : 0.000

Type  : Slow 1100mV 85C Model Removal 'CLOCK_50'
Slack : 0.882
TNS   : 0.000

Type  : Slow 1100mV 85C Model Removal 'altera_reserved_tck'
Slack : 0.935
TNS   : 0.000

Type  : Slow 1100mV 85C Model Minimum Pulse Width 'u0|pll_sys|altera_pll_i|general[0].gpll~FRACTIONAL_PLL|vcoph[0]'
Slack : 0.500
TNS   : 0.000

Type  : Slow 1100mV 85C Model Minimum Pulse Width 'u0|pll_sys|altera_pll_i|general[2].gpll~PLL_OUTPUT_COUNTER|divclk'
Slack : 3.749
TNS   : 0.000

Type  : Slow 1100mV 85C Model Minimum Pulse Width 'u0|pll_sys|altera_pll_i|general[1].gpll~PLL_OUTPUT_COUNTER|divclk'
Slack : 4.836
TNS   : 0.000

Type  : Slow 1100mV 85C Model Minimum Pulse Width 'CLOCK_50'
Slack : 8.771
TNS   : 0.000

Type  : Slow 1100mV 85C Model Minimum Pulse Width 'CLOCK2_50'
Slack : 8.909
TNS   : 0.000

Type  : Slow 1100mV 85C Model Minimum Pulse Width 'u0|pll_sys|altera_pll_i|general[3].gpll~PLL_OUTPUT_COUNTER|divclk'
Slack : 11.263
TNS   : 0.000

Type  : Slow 1100mV 85C Model Minimum Pulse Width 'altera_reserved_tck'
Slack : 18.340
TNS   : 0.000

Type  : Slow 1100mV 85C Model Minimum Pulse Width 'CAMERA1_MIPI_PIXEL_CLK'
Slack : 18.539
TNS   : 0.000

Type  : Slow 1100mV 85C Model Minimum Pulse Width 'CAMERA0_MIPI_PIXEL_CLK'
Slack : 18.562
TNS   : 0.000

Type  : Slow 1100mV 0C Model Setup 'clk_dram'
Slack : -8.792
TNS   : -317.947

Type  : Slow 1100mV 0C Model Setup 'u0|pll_sys|altera_pll_i|general[2].gpll~PLL_OUTPUT_COUNTER|divclk'
Slack : -1.235
TNS   : -19.315

Type  : Slow 1100mV 0C Model Setup 'altera_reserved_tck'
Slack : 10.440
TNS   : 0.000

Type  : Slow 1100mV 0C Model Setup 'CLOCK2_50'
Slack : 14.242
TNS   : 0.000

Type  : Slow 1100mV 0C Model Setup 'CLOCK_50'
Slack : 14.367
TNS   : 0.000

Type  : Slow 1100mV 0C Model Setup 'clk_vga'
Slack : 15.443
TNS   : 0.000

Type  : Slow 1100mV 0C Model Setup 'CAMERA0_MIPI_PIXEL_CLK'
Slack : 15.870
TNS   : 0.000

Type  : Slow 1100mV 0C Model Setup 'CAMERA1_MIPI_PIXEL_CLK'
Slack : 16.527
TNS   : 0.000

Type  : Slow 1100mV 0C Model Setup 'u0|pll_sys|altera_pll_i|general[3].gpll~PLL_OUTPUT_COUNTER|divclk'
Slack : 18.103
TNS   : 0.000

Type  : Slow 1100mV 0C Model Hold 'u0|pll_sys|altera_pll_i|general[2].gpll~PLL_OUTPUT_COUNTER|divclk'
Slack : -1.603
TNS   : -25.213

Type  : Slow 1100mV 0C Model Hold 'CAMERA1_MIPI_PIXEL_CLK'
Slack : 0.109
TNS   : 0.000

Type  : Slow 1100mV 0C Model Hold 'CAMERA0_MIPI_PIXEL_CLK'
Slack : 0.267
TNS   : 0.000

Type  : Slow 1100mV 0C Model Hold 'u0|pll_sys|altera_pll_i|general[3].gpll~PLL_OUTPUT_COUNTER|divclk'
Slack : 0.298
TNS   : 0.000

Type  : Slow 1100mV 0C Model Hold 'CLOCK_50'
Slack : 0.307
TNS   : 0.000

Type  : Slow 1100mV 0C Model Hold 'CLOCK2_50'
Slack : 0.342
TNS   : 0.000

Type  : Slow 1100mV 0C Model Hold 'altera_reserved_tck'
Slack : 0.460
TNS   : 0.000

Type  : Slow 1100mV 0C Model Hold 'clk_vga'
Slack : 3.321
TNS   : 0.000

Type  : Slow 1100mV 0C Model Hold 'clk_dram'
Slack : 3.876
TNS   : 0.000

Type  : Slow 1100mV 0C Model Recovery 'u0|pll_sys|altera_pll_i|general[3].gpll~PLL_OUTPUT_COUNTER|divclk'
Slack : -1.726
TNS   : -5.153

Type  : Slow 1100mV 0C Model Recovery 'u0|pll_sys|altera_pll_i|general[2].gpll~PLL_OUTPUT_COUNTER|divclk'
Slack : 2.221
TNS   : 0.000

Type  : Slow 1100mV 0C Model Recovery 'CLOCK_50'
Slack : 17.368
TNS   : 0.000

Type  : Slow 1100mV 0C Model Recovery 'altera_reserved_tck'
Slack : 18.648
TNS   : 0.000

Type  : Slow 1100mV 0C Model Recovery 'CAMERA1_MIPI_PIXEL_CLK'
Slack : 37.982
TNS   : 0.000

Type  : Slow 1100mV 0C Model Recovery 'CAMERA0_MIPI_PIXEL_CLK'
Slack : 38.485
TNS   : 0.000

Type  : Slow 1100mV 0C Model Removal 'u0|pll_sys|altera_pll_i|general[3].gpll~PLL_OUTPUT_COUNTER|divclk'
Slack : 0.339
TNS   : 0.000

Type  : Slow 1100mV 0C Model Removal 'u0|pll_sys|altera_pll_i|general[2].gpll~PLL_OUTPUT_COUNTER|divclk'
Slack : 0.369
TNS   : 0.000

Type  : Slow 1100mV 0C Model Removal 'CAMERA1_MIPI_PIXEL_CLK'
Slack : 0.386
TNS   : 0.000

Type  : Slow 1100mV 0C Model Removal 'CAMERA0_MIPI_PIXEL_CLK'
Slack : 0.429
TNS   : 0.000

Type  : Slow 1100mV 0C Model Removal 'CLOCK_50'
Slack : 0.823
TNS   : 0.000

Type  : Slow 1100mV 0C Model Removal 'altera_reserved_tck'
Slack : 0.891
TNS   : 0.000

Type  : Slow 1100mV 0C Model Minimum Pulse Width 'u0|pll_sys|altera_pll_i|general[0].gpll~FRACTIONAL_PLL|vcoph[0]'
Slack : 0.500
TNS   : 0.000

Type  : Slow 1100mV 0C Model Minimum Pulse Width 'u0|pll_sys|altera_pll_i|general[2].gpll~PLL_OUTPUT_COUNTER|divclk'
Slack : 3.723
TNS   : 0.000

Type  : Slow 1100mV 0C Model Minimum Pulse Width 'u0|pll_sys|altera_pll_i|general[1].gpll~PLL_OUTPUT_COUNTER|divclk'
Slack : 4.811
TNS   : 0.000

Type  : Slow 1100mV 0C Model Minimum Pulse Width 'CLOCK_50'
Slack : 8.732
TNS   : 0.000

Type  : Slow 1100mV 0C Model Minimum Pulse Width 'CLOCK2_50'
Slack : 8.940
TNS   : 0.000

Type  : Slow 1100mV 0C Model Minimum Pulse Width 'u0|pll_sys|altera_pll_i|general[3].gpll~PLL_OUTPUT_COUNTER|divclk'
Slack : 11.244
TNS   : 0.000

Type  : Slow 1100mV 0C Model Minimum Pulse Width 'altera_reserved_tck'
Slack : 18.296
TNS   : 0.000

Type  : Slow 1100mV 0C Model Minimum Pulse Width 'CAMERA0_MIPI_PIXEL_CLK'
Slack : 18.520
TNS   : 0.000

Type  : Slow 1100mV 0C Model Minimum Pulse Width 'CAMERA1_MIPI_PIXEL_CLK'
Slack : 18.539
TNS   : 0.000

Type  : Fast 1100mV 85C Model Setup 'clk_dram'
Slack : -5.893
TNS   : -213.990

Type  : Fast 1100mV 85C Model Setup 'u0|pll_sys|altera_pll_i|general[2].gpll~PLL_OUTPUT_COUNTER|divclk'
Slack : -1.517
TNS   : -23.626

Type  : Fast 1100mV 85C Model Setup 'altera_reserved_tck'
Slack : 12.357
TNS   : 0.000

Type  : Fast 1100mV 85C Model Setup 'CLOCK2_50'
Slack : 15.777
TNS   : 0.000

Type  : Fast 1100mV 85C Model Setup 'CLOCK_50'
Slack : 16.595
TNS   : 0.000

Type  : Fast 1100mV 85C Model Setup 'CAMERA0_MIPI_PIXEL_CLK'
Slack : 16.800
TNS   : 0.000

Type  : Fast 1100mV 85C Model Setup 'CAMERA1_MIPI_PIXEL_CLK'
Slack : 17.171
TNS   : 0.000

Type  : Fast 1100mV 85C Model Setup 'clk_vga'
Slack : 18.672
TNS   : 0.000

Type  : Fast 1100mV 85C Model Setup 'u0|pll_sys|altera_pll_i|general[3].gpll~PLL_OUTPUT_COUNTER|divclk'
Slack : 20.929
TNS   : 0.000

Type  : Fast 1100mV 85C Model Hold 'u0|pll_sys|altera_pll_i|general[2].gpll~PLL_OUTPUT_COUNTER|divclk'
Slack : -0.585
TNS   : -9.114

Type  : Fast 1100mV 85C Model Hold 'CAMERA1_MIPI_PIXEL_CLK'
Slack : 0.090
TNS   : 0.000

Type  : Fast 1100mV 85C Model Hold 'CAMERA0_MIPI_PIXEL_CLK'
Slack : 0.162
TNS   : 0.000

Type  : Fast 1100mV 85C Model Hold 'CLOCK2_50'
Slack : 0.180
TNS   : 0.000

Type  : Fast 1100mV 85C Model Hold 'CLOCK_50'
Slack : 0.180
TNS   : 0.000

Type  : Fast 1100mV 85C Model Hold 'u0|pll_sys|altera_pll_i|general[3].gpll~PLL_OUTPUT_COUNTER|divclk'
Slack : 0.182
TNS   : 0.000

Type  : Fast 1100mV 85C Model Hold 'altera_reserved_tck'
Slack : 0.209
TNS   : 0.000

Type  : Fast 1100mV 85C Model Hold 'clk_vga'
Slack : 1.548
TNS   : 0.000

Type  : Fast 1100mV 85C Model Hold 'clk_dram'
Slack : 2.072
TNS   : 0.000

Type  : Fast 1100mV 85C Model Recovery 'u0|pll_sys|altera_pll_i|general[3].gpll~PLL_OUTPUT_COUNTER|divclk'
Slack : 1.210
TNS   : 0.000

Type  : Fast 1100mV 85C Model Recovery 'u0|pll_sys|altera_pll_i|general[2].gpll~PLL_OUTPUT_COUNTER|divclk'
Slack : 5.612
TNS   : 0.000

Type  : Fast 1100mV 85C Model Recovery 'CLOCK_50'
Slack : 18.074
TNS   : 0.000

Type  : Fast 1100mV 85C Model Recovery 'altera_reserved_tck'
Slack : 19.534
TNS   : 0.000

Type  : Fast 1100mV 85C Model Recovery 'CAMERA1_MIPI_PIXEL_CLK'
Slack : 38.624
TNS   : 0.000

Type  : Fast 1100mV 85C Model Recovery 'CAMERA0_MIPI_PIXEL_CLK'
Slack : 38.992
TNS   : 0.000

Type  : Fast 1100mV 85C Model Removal 'u0|pll_sys|altera_pll_i|general[2].gpll~PLL_OUTPUT_COUNTER|divclk'
Slack : 0.237
TNS   : 0.000

Type  : Fast 1100mV 85C Model Removal 'CAMERA1_MIPI_PIXEL_CLK'
Slack : 0.253
TNS   : 0.000

Type  : Fast 1100mV 85C Model Removal 'u0|pll_sys|altera_pll_i|general[3].gpll~PLL_OUTPUT_COUNTER|divclk'
Slack : 0.262
TNS   : 0.000

Type  : Fast 1100mV 85C Model Removal 'CAMERA0_MIPI_PIXEL_CLK'
Slack : 0.272
TNS   : 0.000

Type  : Fast 1100mV 85C Model Removal 'CLOCK_50'
Slack : 0.504
TNS   : 0.000

Type  : Fast 1100mV 85C Model Removal 'altera_reserved_tck'
Slack : 0.507
TNS   : 0.000

Type  : Fast 1100mV 85C Model Minimum Pulse Width 'u0|pll_sys|altera_pll_i|general[0].gpll~FRACTIONAL_PLL|vcoph[0]'
Slack : 0.500
TNS   : 0.000

Type  : Fast 1100mV 85C Model Minimum Pulse Width 'u0|pll_sys|altera_pll_i|general[2].gpll~PLL_OUTPUT_COUNTER|divclk'
Slack : 3.876
TNS   : 0.000

Type  : Fast 1100mV 85C Model Minimum Pulse Width 'u0|pll_sys|altera_pll_i|general[1].gpll~PLL_OUTPUT_COUNTER|divclk'
Slack : 4.910
TNS   : 0.000

Type  : Fast 1100mV 85C Model Minimum Pulse Width 'CLOCK2_50'
Slack : 8.499
TNS   : 0.000

Type  : Fast 1100mV 85C Model Minimum Pulse Width 'CLOCK_50'
Slack : 8.692
TNS   : 0.000

Type  : Fast 1100mV 85C Model Minimum Pulse Width 'u0|pll_sys|altera_pll_i|general[3].gpll~PLL_OUTPUT_COUNTER|divclk'
Slack : 11.381
TNS   : 0.000

Type  : Fast 1100mV 85C Model Minimum Pulse Width 'altera_reserved_tck'
Slack : 18.015
TNS   : 0.000

Type  : Fast 1100mV 85C Model Minimum Pulse Width 'CAMERA0_MIPI_PIXEL_CLK'
Slack : 18.136
TNS   : 0.000

Type  : Fast 1100mV 85C Model Minimum Pulse Width 'CAMERA1_MIPI_PIXEL_CLK'
Slack : 18.183
TNS   : 0.000

Type  : Fast 1100mV 0C Model Setup 'clk_dram'
Slack : -5.586
TNS   : -202.817

Type  : Fast 1100mV 0C Model Setup 'u0|pll_sys|altera_pll_i|general[2].gpll~PLL_OUTPUT_COUNTER|divclk'
Slack : -1.373
TNS   : -21.764

Type  : Fast 1100mV 0C Model Setup 'altera_reserved_tck'
Slack : 12.535
TNS   : 0.000

Type  : Fast 1100mV 0C Model Setup 'CLOCK2_50'
Slack : 16.302
TNS   : 0.000

Type  : Fast 1100mV 0C Model Setup 'CLOCK_50'
Slack : 16.874
TNS   : 0.000

Type  : Fast 1100mV 0C Model Setup 'CAMERA0_MIPI_PIXEL_CLK'
Slack : 16.991
TNS   : 0.000

Type  : Fast 1100mV 0C Model Setup 'CAMERA1_MIPI_PIXEL_CLK'
Slack : 17.352
TNS   : 0.000

Type  : Fast 1100mV 0C Model Setup 'clk_vga'
Slack : 19.262
TNS   : 0.000

Type  : Fast 1100mV 0C Model Setup 'u0|pll_sys|altera_pll_i|general[3].gpll~PLL_OUTPUT_COUNTER|divclk'
Slack : 21.280
TNS   : 0.000

Type  : Fast 1100mV 0C Model Hold 'u0|pll_sys|altera_pll_i|general[2].gpll~PLL_OUTPUT_COUNTER|divclk'
Slack : -0.718
TNS   : -11.285

Type  : Fast 1100mV 0C Model Hold 'CAMERA1_MIPI_PIXEL_CLK'
Slack : 0.093
TNS   : 0.000

Type  : Fast 1100mV 0C Model Hold 'CAMERA0_MIPI_PIXEL_CLK'
Slack : 0.164
TNS   : 0.000

Type  : Fast 1100mV 0C Model Hold 'CLOCK_50'
Slack : 0.167
TNS   : 0.000

Type  : Fast 1100mV 0C Model Hold 'u0|pll_sys|altera_pll_i|general[3].gpll~PLL_OUTPUT_COUNTER|divclk'
Slack : 0.169
TNS   : 0.000

Type  : Fast 1100mV 0C Model Hold 'CLOCK2_50'
Slack : 0.171
TNS   : 0.000

Type  : Fast 1100mV 0C Model Hold 'altera_reserved_tck'
Slack : 0.202
TNS   : 0.000

Type  : Fast 1100mV 0C Model Hold 'clk_vga'
Slack : 1.241
TNS   : 0.000

Type  : Fast 1100mV 0C Model Hold 'clk_dram'
Slack : 1.810
TNS   : 0.000

Type  : Fast 1100mV 0C Model Recovery 'u0|pll_sys|altera_pll_i|general[3].gpll~PLL_OUTPUT_COUNTER|divclk'
Slack : 1.356
TNS   : 0.000

Type  : Fast 1100mV 0C Model Recovery 'u0|pll_sys|altera_pll_i|general[2].gpll~PLL_OUTPUT_COUNTER|divclk'
Slack : 5.757
TNS   : 0.000

Type  : Fast 1100mV 0C Model Recovery 'CLOCK_50'
Slack : 18.286
TNS   : 0.000

Type  : Fast 1100mV 0C Model Recovery 'altera_reserved_tck'
Slack : 19.667
TNS   : 0.000

Type  : Fast 1100mV 0C Model Recovery 'CAMERA1_MIPI_PIXEL_CLK'
Slack : 38.788
TNS   : 0.000

Type  : Fast 1100mV 0C Model Recovery 'CAMERA0_MIPI_PIXEL_CLK'
Slack : 39.103
TNS   : 0.000

Type  : Fast 1100mV 0C Model Removal 'u0|pll_sys|altera_pll_i|general[2].gpll~PLL_OUTPUT_COUNTER|divclk'
Slack : 0.177
TNS   : 0.000

Type  : Fast 1100mV 0C Model Removal 'u0|pll_sys|altera_pll_i|general[3].gpll~PLL_OUTPUT_COUNTER|divclk'
Slack : 0.183
TNS   : 0.000

Type  : Fast 1100mV 0C Model Removal 'CAMERA1_MIPI_PIXEL_CLK'
Slack : 0.205
TNS   : 0.000

Type  : Fast 1100mV 0C Model Removal 'CAMERA0_MIPI_PIXEL_CLK'
Slack : 0.225
TNS   : 0.000

Type  : Fast 1100mV 0C Model Removal 'altera_reserved_tck'
Slack : 0.450
TNS   : 0.000

Type  : Fast 1100mV 0C Model Removal 'CLOCK_50'
Slack : 0.453
TNS   : 0.000

Type  : Fast 1100mV 0C Model Minimum Pulse Width 'u0|pll_sys|altera_pll_i|general[0].gpll~FRACTIONAL_PLL|vcoph[0]'
Slack : 0.500
TNS   : 0.000

Type  : Fast 1100mV 0C Model Minimum Pulse Width 'u0|pll_sys|altera_pll_i|general[2].gpll~PLL_OUTPUT_COUNTER|divclk'
Slack : 3.876
TNS   : 0.000

Type  : Fast 1100mV 0C Model Minimum Pulse Width 'u0|pll_sys|altera_pll_i|general[1].gpll~PLL_OUTPUT_COUNTER|divclk'
Slack : 4.906
TNS   : 0.000

Type  : Fast 1100mV 0C Model Minimum Pulse Width 'CLOCK2_50'
Slack : 8.452
TNS   : 0.000

Type  : Fast 1100mV 0C Model Minimum Pulse Width 'CLOCK_50'
Slack : 8.653
TNS   : 0.000

Type  : Fast 1100mV 0C Model Minimum Pulse Width 'u0|pll_sys|altera_pll_i|general[3].gpll~PLL_OUTPUT_COUNTER|divclk'
Slack : 11.382
TNS   : 0.000

Type  : Fast 1100mV 0C Model Minimum Pulse Width 'altera_reserved_tck'
Slack : 17.986
TNS   : 0.000

Type  : Fast 1100mV 0C Model Minimum Pulse Width 'CAMERA0_MIPI_PIXEL_CLK'
Slack : 18.085
TNS   : 0.000

Type  : Fast 1100mV 0C Model Minimum Pulse Width 'CAMERA1_MIPI_PIXEL_CLK'
Slack : 18.141
TNS   : 0.000

------------------------------------------------------------
